[      62ms] [LOG] [Fast Refresh] done in 12ms @ http://localhost:3000/_next/static/chunks/08i5_next_dist_0bovzun._.js:776
[    1304ms] [INFO] %cDownload the React DevTools for a better development experience: https://react.dev/link/react-devtools font-weight:bold @ http://localhost:3000/_next/static/chunks/08i5_next_dist_0bovzun._.js:776
[    1328ms] [LOG] [HMR] connected @ http://localhost:3000/_next/static/chunks/08i5_next_dist_0bovzun._.js:776
[   56540ms] [LOG] [Fast Refresh] rebuilding @ http://localhost:3000/_next/static/chunks/08i5_next_dist_0bovzun._.js:776
[   56677ms] [LOG] [Fast Refresh] done in 13ms @ http://localhost:3000/_next/static/chunks/08i5_next_dist_0bovzun._.js:776
[   56725ms] [LOG] [Fast Refresh] done in 13ms @ http://localhost:3000/_next/static/chunks/08i5_next_dist_0bovzun._.js:776
[   56787ms] [LOG] [Fast Refresh] done in 13ms @ http://localhost:3000/_next/static/chunks/08i5_next_dist_0bovzun._.js:776
[   56840ms] [LOG] [Fast Refresh] done in 13ms @ http://localhost:3000/_next/static/chunks/08i5_next_dist_0bovzun._.js:776
[   57049ms] [LOG] [Fast Refresh] done in 13ms @ http://localhost:3000/_next/static/chunks/08i5_next_dist_0bovzun._.js:776
[   57106ms] [LOG] [Fast Refresh] done in 13ms @ http://localhost:3000/_next/static/chunks/08i5_next_dist_0bovzun._.js:776
[   57160ms] [LOG] [Fast Refresh] done in 13ms @ http://localhost:3000/_next/static/chunks/08i5_next_dist_0bovzun._.js:776
[   57216ms] [LOG] [Fast Refresh] done in 13ms @ http://localhost:3000/_next/static/chunks/08i5_next_dist_0bovzun._.js:776
[   57258ms] [LOG] [Fast Refresh] done in 13ms @ http://localhost:3000/_next/static/chunks/08i5_next_dist_0bovzun._.js:776
[   57301ms] [LOG] [Fast Refresh] done in 13ms @ http://localhost:3000/_next/static/chunks/08i5_next_dist_0bovzun._.js:776
[   57349ms] [LOG] [Fast Refresh] done in 13ms @ http://localhost:3000/_next/static/chunks/08i5_next_dist_0bovzun._.js:776
[   57391ms] [LOG] [Fast Refresh] done in 13ms @ http://localhost:3000/_next/static/chunks/08i5_next_dist_0bovzun._.js:776
[   57432ms] [LOG] [Fast Refresh] done in 13ms @ http://localhost:3000/_next/static/chunks/08i5_next_dist_0bovzun._.js:776
[   57474ms] [LOG] [Fast Refresh] done in 13ms @ http://localhost:3000/_next/static/chunks/08i5_next_dist_0bovzun._.js:776
[   57516ms] [LOG] [Fast Refresh] done in 13ms @ http://localhost:3000/_next/static/chunks/08i5_next_dist_0bovzun._.js:776
[   57571ms] [LOG] [Fast Refresh] done in 13ms @ http://localhost:3000/_next/static/chunks/08i5_next_dist_0bovzun._.js:776
[   57612ms] [LOG] [Fast Refresh] done in 13ms @ http://localhost:3000/_next/static/chunks/08i5_next_dist_0bovzun._.js:776
[   57654ms] [LOG] [Fast Refresh] done in 13ms @ http://localhost:3000/_next/static/chunks/08i5_next_dist_0bovzun._.js:776
[   57696ms] [LOG] [Fast Refresh] done in 13ms @ http://localhost:3000/_next/static/chunks/08i5_next_dist_0bovzun._.js:776
[   57737ms] [LOG] [Fast Refresh] done in 13ms @ http://localhost:3000/_next/static/chunks/08i5_next_dist_0bovzun._.js:776
[   57778ms] [LOG] [Fast Refresh] done in 13ms @ http://localhost:3000/_next/static/chunks/08i5_next_dist_0bovzun._.js:776
[   57827ms] [LOG] [Fast Refresh] done in 13ms @ http://localhost:3000/_next/static/chunks/08i5_next_dist_0bovzun._.js:776
[   57869ms] [LOG] [Fast Refresh] done in 13ms @ http://localhost:3000/_next/static/chunks/08i5_next_dist_0bovzun._.js:776
[   57917ms] [LOG] [Fast Refresh] done in 13ms @ http://localhost:3000/_next/static/chunks/08i5_next_dist_0bovzun._.js:776
[   57966ms] [LOG] [Fast Refresh] done in 13ms @ http://localhost:3000/_next/static/chunks/08i5_next_dist_0bovzun._.js:776
[   58016ms] [LOG] [Fast Refresh] done in 13ms @ http://localhost:3000/_next/static/chunks/08i5_next_dist_0bovzun._.js:776
[   58078ms] [LOG] [Fast Refresh] done in 13ms @ http://localhost:3000/_next/static/chunks/08i5_next_dist_0bovzun._.js:776
[   58133ms] [LOG] [Fast Refresh] done in 13ms @ http://localhost:3000/_next/static/chunks/08i5_next_dist_0bovzun._.js:776
[   58188ms] [LOG] [Fast Refresh] done in 13ms @ http://localhost:3000/_next/static/chunks/08i5_next_dist_0bovzun._.js:776
[   58242ms] [LOG] [Fast Refresh] done in 13ms @ http://localhost:3000/_next/static/chunks/08i5_next_dist_0bovzun._.js:776
[   58299ms] [LOG] [Fast Refresh] done in 13ms @ http://localhost:3000/_next/static/chunks/08i5_next_dist_0bovzun._.js:776
[   58345ms] [LOG] [Fast Refresh] done in 13ms @ http://localhost:3000/_next/static/chunks/08i5_next_dist_0bovzun._.js:776
[   58408ms] [LOG] [Fast Refresh] done in 13ms @ http://localhost:3000/_next/static/chunks/08i5_next_dist_0bovzun._.js:776
[   58463ms] [LOG] [Fast Refresh] done in 13ms @ http://localhost:3000/_next/static/chunks/08i5_next_dist_0bovzun._.js:776
[   58527ms] [LOG] [Fast Refresh] done in 13ms @ http://localhost:3000/_next/static/chunks/08i5_next_dist_0bovzun._.js:776
[   58589ms] [LOG] [Fast Refresh] done in 13ms @ http://localhost:3000/_next/static/chunks/08i5_next_dist_0bovzun._.js:776
[   58638ms] [LOG] [Fast Refresh] done in 13ms @ http://localhost:3000/_next/static/chunks/08i5_next_dist_0bovzun._.js:776
[   58685ms] [LOG] [Fast Refresh] done in 13ms @ http://localhost:3000/_next/static/chunks/08i5_next_dist_0bovzun._.js:776
[   58749ms] [LOG] [Fast Refresh] done in 13ms @ http://localhost:3000/_next/static/chunks/08i5_next_dist_0bovzun._.js:776
[   58801ms] [LOG] [Fast Refresh] done in 13ms @ http://localhost:3000/_next/static/chunks/08i5_next_dist_0bovzun._.js:776
[   58865ms] [LOG] [Fast Refresh] done in 13ms @ http://localhost:3000/_next/static/chunks/08i5_next_dist_0bovzun._.js:776
[   58926ms] [LOG] [Fast Refresh] done in 13ms @ http://localhost:3000/_next/static/chunks/08i5_next_dist_0bovzun._.js:776
[   58990ms] [LOG] [Fast Refresh] done in 13ms @ http://localhost:3000/_next/static/chunks/08i5_next_dist_0bovzun._.js:776
[   59045ms] [LOG] [Fast Refresh] done in 13ms @ http://localhost:3000/_next/static/chunks/08i5_next_dist_0bovzun._.js:776
[   59108ms] [LOG] [Fast Refresh] done in 13ms @ http://localhost:3000/_next/static/chunks/08i5_next_dist_0bovzun._.js:776
[   59171ms] [LOG] [Fast Refresh] done in 13ms @ http://localhost:3000/_next/static/chunks/08i5_next_dist_0bovzun._.js:776
[   59223ms] [LOG] [Fast Refresh] done in 13ms @ http://localhost:3000/_next/static/chunks/08i5_next_dist_0bovzun._.js:776
[   59278ms] [LOG] [Fast Refresh] done in 13ms @ http://localhost:3000/_next/static/chunks/08i5_next_dist_0bovzun._.js:776
[   59320ms] [LOG] [Fast Refresh] done in 13ms @ http://localhost:3000/_next/static/chunks/08i5_next_dist_0bovzun._.js:776
[   59366ms] [LOG] [Fast Refresh] done in 13ms @ http://localhost:3000/_next/static/chunks/08i5_next_dist_0bovzun._.js:776
[   59410ms] [LOG] [Fast Refresh] done in 13ms @ http://localhost:3000/_next/static/chunks/08i5_next_dist_0bovzun._.js:776
[   59460ms] [LOG] [Fast Refresh] done in 13ms @ http://localhost:3000/_next/static/chunks/08i5_next_dist_0bovzun._.js:776
[   59510ms] [LOG] [Fast Refresh] done in 13ms @ http://localhost:3000/_next/static/chunks/08i5_next_dist_0bovzun._.js:776
[   59566ms] [LOG] [Fast Refresh] done in 13ms @ http://localhost:3000/_next/static/chunks/08i5_next_dist_0bovzun._.js:776
[   59621ms] [LOG] [Fast Refresh] done in 13ms @ http://localhost:3000/_next/static/chunks/08i5_next_dist_0bovzun._.js:776
[   59677ms] [LOG] [Fast Refresh] done in 13ms @ http://localhost:3000/_next/static/chunks/08i5_next_dist_0bovzun._.js:776
[   59730ms] [LOG] [Fast Refresh] done in 13ms @ http://localhost:3000/_next/static/chunks/08i5_next_dist_0bovzun._.js:776
[   59786ms] [LOG] [Fast Refresh] done in 13ms @ http://localhost:3000/_next/static/chunks/08i5_next_dist_0bovzun._.js:776
[   59851ms] [LOG] [Fast Refresh] done in 13ms @ http://localhost:3000/_next/static/chunks/08i5_next_dist_0bovzun._.js:776
[   59910ms] [LOG] [Fast Refresh] done in 13ms @ http://localhost:3000/_next/static/chunks/08i5_next_dist_0bovzun._.js:776
[   59952ms] [LOG] [Fast Refresh] done in 13ms @ http://localhost:3000/_next/static/chunks/08i5_next_dist_0bovzun._.js:776
[   60002ms] [LOG] [Fast Refresh] done in 13ms @ http://localhost:3000/_next/static/chunks/08i5_next_dist_0bovzun._.js:776
[   60056ms] [LOG] [Fast Refresh] done in 13ms @ http://localhost:3000/_next/static/chunks/08i5_next_dist_0bovzun._.js:776
[   60121ms] [LOG] [Fast Refresh] done in 13ms @ http://localhost:3000/_next/static/chunks/08i5_next_dist_0bovzun._.js:776
[   60175ms] [LOG] [Fast Refresh] done in 13ms @ http://localhost:3000/_next/static/chunks/08i5_next_dist_0bovzun._.js:776
[   60220ms] [LOG] [Fast Refresh] done in 13ms @ http://localhost:3000/_next/static/chunks/08i5_next_dist_0bovzun._.js:776
[   60271ms] [LOG] [Fast Refresh] done in 13ms @ http://localhost:3000/_next/static/chunks/08i5_next_dist_0bovzun._.js:776
[   60313ms] [LOG] [Fast Refresh] done in 13ms @ http://localhost:3000/_next/static/chunks/08i5_next_dist_0bovzun._.js:776
[   60367ms] [LOG] [Fast Refresh] done in 13ms @ http://localhost:3000/_next/static/chunks/08i5_next_dist_0bovzun._.js:776
[   60417ms] [LOG] [Fast Refresh] done in 13ms @ http://localhost:3000/_next/static/chunks/08i5_next_dist_0bovzun._.js:776
[   60459ms] [LOG] [Fast Refresh] done in 13ms @ http://localhost:3000/_next/static/chunks/08i5_next_dist_0bovzun._.js:776
[   60507ms] [LOG] [Fast Refresh] done in 13ms @ http://localhost:3000/_next/static/chunks/08i5_next_dist_0bovzun._.js:776
[   60562ms] [LOG] [Fast Refresh] done in 13ms @ http://localhost:3000/_next/static/chunks/08i5_next_dist_0bovzun._.js:776
[   60623ms] [LOG] [Fast Refresh] done in 13ms @ http://localhost:3000/_next/static/chunks/08i5_next_dist_0bovzun._.js:776
[   60670ms] [LOG] [Fast Refresh] done in 13ms @ http://localhost:3000/_next/static/chunks/08i5_next_dist_0bovzun._.js:776
[   60728ms] [LOG] [Fast Refresh] done in 13ms @ http://localhost:3000/_next/static/chunks/08i5_next_dist_0bovzun._.js:776
[   60779ms] [LOG] [Fast Refresh] done in 13ms @ http://localhost:3000/_next/static/chunks/08i5_next_dist_0bovzun._.js:776
[   60849ms] [LOG] [Fast Refresh] done in 13ms @ http://localhost:3000/_next/static/chunks/08i5_next_dist_0bovzun._.js:776
[   60913ms] [LOG] [Fast Refresh] done in 13ms @ http://localhost:3000/_next/static/chunks/08i5_next_dist_0bovzun._.js:776
[   60973ms] [LOG] [Fast Refresh] done in 13ms @ http://localhost:3000/_next/static/chunks/08i5_next_dist_0bovzun._.js:776
[   61035ms] [LOG] [Fast Refresh] done in 13ms @ http://localhost:3000/_next/static/chunks/08i5_next_dist_0bovzun._.js:776
[   61084ms] [LOG] [Fast Refresh] done in 13ms @ http://localhost:3000/_next/static/chunks/08i5_next_dist_0bovzun._.js:776
[   61146ms] [LOG] [Fast Refresh] done in 13ms @ http://localhost:3000/_next/static/chunks/08i5_next_dist_0bovzun._.js:776
[   61209ms] [LOG] [Fast Refresh] done in 13ms @ http://localhost:3000/_next/static/chunks/08i5_next_dist_0bovzun._.js:776
[   61270ms] [LOG] [Fast Refresh] done in 13ms @ http://localhost:3000/_next/static/chunks/08i5_next_dist_0bovzun._.js:776
[   61332ms] [LOG] [Fast Refresh] done in 13ms @ http://localhost:3000/_next/static/chunks/08i5_next_dist_0bovzun._.js:776
[   61386ms] [LOG] [Fast Refresh] done in 13ms @ http://localhost:3000/_next/static/chunks/08i5_next_dist_0bovzun._.js:776
[   61426ms] [LOG] [Fast Refresh] done in 13ms @ http://localhost:3000/_next/static/chunks/08i5_next_dist_0bovzun._.js:776
[   61488ms] [LOG] [Fast Refresh] done in 13ms @ http://localhost:3000/_next/static/chunks/08i5_next_dist_0bovzun._.js:776
[   61550ms] [LOG] [Fast Refresh] done in 13ms @ http://localhost:3000/_next/static/chunks/08i5_next_dist_0bovzun._.js:776
[   61613ms] [LOG] [Fast Refresh] done in 13ms @ http://localhost:3000/_next/static/chunks/08i5_next_dist_0bovzun._.js:776
[   61676ms] [LOG] [Fast Refresh] done in 13ms @ http://localhost:3000/_next/static/chunks/08i5_next_dist_0bovzun._.js:776
[   61738ms] [LOG] [Fast Refresh] done in 13ms @ http://localhost:3000/_next/static/chunks/08i5_next_dist_0bovzun._.js:776
[   61801ms] [LOG] [Fast Refresh] done in 13ms @ http://localhost:3000/_next/static/chunks/08i5_next_dist_0bovzun._.js:776
[   61862ms] [LOG] [Fast Refresh] done in 13ms @ http://localhost:3000/_next/static/chunks/08i5_next_dist_0bovzun._.js:776
[   61911ms] [LOG] [Fast Refresh] done in 13ms @ http://localhost:3000/_next/static/chunks/08i5_next_dist_0bovzun._.js:776
[   61948ms] [LOG] [Fast Refresh] done in 13ms @ http://localhost:3000/_next/static/chunks/08i5_next_dist_0bovzun._.js:776
[   61987ms] [LOG] [Fast Refresh] done in 13ms @ http://localhost:3000/_next/static/chunks/08i5_next_dist_0bovzun._.js:776
[   62028ms] [LOG] [Fast Refresh] done in 13ms @ http://localhost:3000/_next/static/chunks/08i5_next_dist_0bovzun._.js:776
[   62067ms] [LOG] [Fast Refresh] done in 13ms @ http://localhost:3000/_next/static/chunks/08i5_next_dist_0bovzun._.js:776
[   62108ms] [LOG] [Fast Refresh] done in 13ms @ http://localhost:3000/_next/static/chunks/08i5_next_dist_0bovzun._.js:776
[   62160ms] [LOG] [Fast Refresh] done in 13ms @ http://localhost:3000/_next/static/chunks/08i5_next_dist_0bovzun._.js:776
[   62222ms] [LOG] [Fast Refresh] done in 13ms @ http://localhost:3000/_next/static/chunks/08i5_next_dist_0bovzun._.js:776
[   62271ms] [LOG] [Fast Refresh] done in 13ms @ http://localhost:3000/_next/static/chunks/08i5_next_dist_0bovzun._.js:776
[   62323ms] [LOG] [Fast Refresh] done in 13ms @ http://localhost:3000/_next/static/chunks/08i5_next_dist_0bovzun._.js:776
[   62386ms] [LOG] [Fast Refresh] done in 13ms @ http://localhost:3000/_next/static/chunks/08i5_next_dist_0bovzun._.js:776
[   62435ms] [LOG] [Fast Refresh] done in 13ms @ http://localhost:3000/_next/static/chunks/08i5_next_dist_0bovzun._.js:776
[   62487ms] [LOG] [Fast Refresh] done in 13ms @ http://localhost:3000/_next/static/chunks/08i5_next_dist_0bovzun._.js:776
[   62536ms] [LOG] [Fast Refresh] done in 13ms @ http://localhost:3000/_next/static/chunks/08i5_next_dist_0bovzun._.js:776
[   62589ms] [LOG] [Fast Refresh] done in 13ms @ http://localhost:3000/_next/static/chunks/08i5_next_dist_0bovzun._.js:776
[   62644ms] [LOG] [Fast Refresh] done in 13ms @ http://localhost:3000/_next/static/chunks/08i5_next_dist_0bovzun._.js:776
[   62705ms] [LOG] [Fast Refresh] done in 13ms @ http://localhost:3000/_next/static/chunks/08i5_next_dist_0bovzun._.js:776
[   62753ms] [LOG] [Fast Refresh] done in 13ms @ http://localhost:3000/_next/static/chunks/08i5_next_dist_0bovzun._.js:776
[   62800ms] [LOG] [Fast Refresh] done in 13ms @ http://localhost:3000/_next/static/chunks/08i5_next_dist_0bovzun._.js:776
[   62847ms] [LOG] [Fast Refresh] done in 13ms @ http://localhost:3000/_next/static/chunks/08i5_next_dist_0bovzun._.js:776
[   62903ms] [LOG] [Fast Refresh] done in 13ms @ http://localhost:3000/_next/static/chunks/08i5_next_dist_0bovzun._.js:776
[   62956ms] [LOG] [Fast Refresh] done in 13ms @ http://localhost:3000/_next/static/chunks/08i5_next_dist_0bovzun._.js:776
[   63007ms] [LOG] [Fast Refresh] done in 13ms @ http://localhost:3000/_next/static/chunks/08i5_next_dist_0bovzun._.js:776
[   63057ms] [LOG] [Fast Refresh] done in 13ms @ http://localhost:3000/_next/static/chunks/08i5_next_dist_0bovzun._.js:776
[   63108ms] [LOG] [Fast Refresh] done in 13ms @ http://localhost:3000/_next/static/chunks/08i5_next_dist_0bovzun._.js:776
[   63155ms] [LOG] [Fast Refresh] done in 13ms @ http://localhost:3000/_next/static/chunks/08i5_next_dist_0bovzun._.js:776
[   63213ms] [LOG] [Fast Refresh] done in 13ms @ http://localhost:3000/_next/static/chunks/08i5_next_dist_0bovzun._.js:776
[   63264ms] [LOG] [Fast Refresh] done in 13ms @ http://localhost:3000/_next/static/chunks/08i5_next_dist_0bovzun._.js:776
[   63328ms] [LOG] [Fast Refresh] done in 13ms @ http://localhost:3000/_next/static/chunks/08i5_next_dist_0bovzun._.js:776
[   63392ms] [LOG] [Fast Refresh] done in 13ms @ http://localhost:3000/_next/static/chunks/08i5_next_dist_0bovzun._.js:776
[   63455ms] [LOG] [Fast Refresh] done in 13ms @ http://localhost:3000/_next/static/chunks/08i5_next_dist_0bovzun._.js:776
[   63505ms] [LOG] [Fast Refresh] done in 13ms @ http://localhost:3000/_next/static/chunks/08i5_next_dist_0bovzun._.js:776
[   63563ms] [LOG] [Fast Refresh] done in 13ms @ http://localhost:3000/_next/static/chunks/08i5_next_dist_0bovzun._.js:776
[   63613ms] [LOG] [Fast Refresh] done in 13ms @ http://localhost:3000/_next/static/chunks/08i5_next_dist_0bovzun._.js:776
[   63660ms] [LOG] [Fast Refresh] done in 13ms @ http://localhost:3000/_next/static/chunks/08i5_next_dist_0bovzun._.js:776
[   63705ms] [LOG] [Fast Refresh] done in 13ms @ http://localhost:3000/_next/static/chunks/08i5_next_dist_0bovzun._.js:776
[   63757ms] [LOG] [Fast Refresh] done in 13ms @ http://localhost:3000/_next/static/chunks/08i5_next_dist_0bovzun._.js:776
[   63813ms] [LOG] [Fast Refresh] done in 13ms @ http://localhost:3000/_next/static/chunks/08i5_next_dist_0bovzun._.js:776
[   63876ms] [LOG] [Fast Refresh] done in 13ms @ http://localhost:3000/_next/static/chunks/08i5_next_dist_0bovzun._.js:776
[   63917ms] [LOG] [Fast Refresh] done in 13ms @ http://localhost:3000/_next/static/chunks/08i5_next_dist_0bovzun._.js:776
[   63975ms] [LOG] [Fast Refresh] done in 13ms @ http://localhost:3000/_next/static/chunks/08i5_next_dist_0bovzun._.js:776
[   64015ms] [LOG] [Fast Refresh] done in 13ms @ http://localhost:3000/_next/static/chunks/08i5_next_dist_0bovzun._.js:776
[   64058ms] [LOG] [Fast Refresh] done in 13ms @ http://localhost:3000/_next/static/chunks/08i5_next_dist_0bovzun._.js:776
[   64097ms] [LOG] [Fast Refresh] done in 13ms @ http://localhost:3000/_next/static/chunks/08i5_next_dist_0bovzun._.js:776
[   64152ms] [LOG] [Fast Refresh] done in 13ms @ http://localhost:3000/_next/static/chunks/08i5_next_dist_0bovzun._.js:776
[   64204ms] [LOG] [Fast Refresh] done in 13ms @ http://localhost:3000/_next/static/chunks/08i5_next_dist_0bovzun._.js:776
[   64259ms] [LOG] [Fast Refresh] done in 13ms @ http://localhost:3000/_next/static/chunks/08i5_next_dist_0bovzun._.js:776
[   64307ms] [LOG] [Fast Refresh] done in 13ms @ http://localhost:3000/_next/static/chunks/08i5_next_dist_0bovzun._.js:776
[   64346ms] [LOG] [Fast Refresh] done in 13ms @ http://localhost:3000/_next/static/chunks/08i5_next_dist_0bovzun._.js:776
[   64391ms] [LOG] [Fast Refresh] done in 13ms @ http://localhost:3000/_next/static/chunks/08i5_next_dist_0bovzun._.js:776
[   64431ms] [LOG] [Fast Refresh] done in 13ms @ http://localhost:3000/_next/static/chunks/08i5_next_dist_0bovzun._.js:776
[   64469ms] [LOG] [Fast Refresh] done in 13ms @ http://localhost:3000/_next/static/chunks/08i5_next_dist_0bovzun._.js:776
[   64507ms] [LOG] [Fast Refresh] done in 13ms @ http://localhost:3000/_next/static/chunks/08i5_next_dist_0bovzun._.js:776
[   64545ms] [LOG] [Fast Refresh] done in 13ms @ http://localhost:3000/_next/static/chunks/08i5_next_dist_0bovzun._.js:776
[   64594ms] [LOG] [Fast Refresh] done in 13ms @ http://localhost:3000/_next/static/chunks/08i5_next_dist_0bovzun._.js:776
[   64651ms] [LOG] [Fast Refresh] done in 13ms @ http://localhost:3000/_next/static/chunks/08i5_next_dist_0bovzun._.js:776
[   64704ms] [LOG] [Fast Refresh] done in 13ms @ http://localhost:3000/_next/static/chunks/08i5_next_dist_0bovzun._.js:776
[   64765ms] [LOG] [Fast Refresh] done in 13ms @ http://localhost:3000/_next/static/chunks/08i5_next_dist_0bovzun._.js:776
[   64818ms] [LOG] [Fast Refresh] done in 13ms @ http://localhost:3000/_next/static/chunks/08i5_next_dist_0bovzun._.js:776
[   64891ms] [LOG] [Fast Refresh] done in 13ms @ http://localhost:3000/_next/static/chunks/08i5_next_dist_0bovzun._.js:776
[   64939ms] [LOG] [Fast Refresh] done in 13ms @ http://localhost:3000/_next/static/chunks/08i5_next_dist_0bovzun._.js:776
[   64979ms] [LOG] [Fast Refresh] done in 13ms @ http://localhost:3000/_next/static/chunks/08i5_next_dist_0bovzun._.js:776
[   65034ms] [LOG] [Fast Refresh] done in 13ms @ http://localhost:3000/_next/static/chunks/08i5_next_dist_0bovzun._.js:776
[   65084ms] [LOG] [Fast Refresh] done in 13ms @ http://localhost:3000/_next/static/chunks/08i5_next_dist_0bovzun._.js:776
[   65130ms] [LOG] [Fast Refresh] done in 13ms @ http://localhost:3000/_next/static/chunks/08i5_next_dist_0bovzun._.js:776
[   65193ms] [LOG] [Fast Refresh] done in 13ms @ http://localhost:3000/_next/static/chunks/08i5_next_dist_0bovzun._.js:776
[   65251ms] [LOG] [Fast Refresh] done in 13ms @ http://localhost:3000/_next/static/chunks/08i5_next_dist_0bovzun._.js:776
[   65303ms] [LOG] [Fast Refresh] done in 13ms @ http://localhost:3000/_next/static/chunks/08i5_next_dist_0bovzun._.js:776
[   65344ms] [LOG] [Fast Refresh] done in 13ms @ http://localhost:3000/_next/static/chunks/08i5_next_dist_0bovzun._.js:776
[   65383ms] [LOG] [Fast Refresh] done in 13ms @ http://localhost:3000/_next/static/chunks/08i5_next_dist_0bovzun._.js:776
[   65424ms] [LOG] [Fast Refresh] done in 13ms @ http://localhost:3000/_next/static/chunks/08i5_next_dist_0bovzun._.js:776
[   65474ms] [LOG] [Fast Refresh] done in 13ms @ http://localhost:3000/_next/static/chunks/08i5_next_dist_0bovzun._.js:776
[   65521ms] [LOG] [Fast Refresh] done in 13ms @ http://localhost:3000/_next/static/chunks/08i5_next_dist_0bovzun._.js:776
[   65566ms] [LOG] [Fast Refresh] done in 13ms @ http://localhost:3000/_next/static/chunks/08i5_next_dist_0bovzun._.js:776
[   65618ms] [LOG] [Fast Refresh] done in 13ms @ http://localhost:3000/_next/static/chunks/08i5_next_dist_0bovzun._.js:776
[   65658ms] [LOG] [Fast Refresh] done in 13ms @ http://localhost:3000/_next/static/chunks/08i5_next_dist_0bovzun._.js:776
[   65698ms] [LOG] [Fast Refresh] done in 13ms @ http://localhost:3000/_next/static/chunks/08i5_next_dist_0bovzun._.js:776
[   65751ms] [LOG] [Fast Refresh] done in 13ms @ http://localhost:3000/_next/static/chunks/08i5_next_dist_0bovzun._.js:776
[   65801ms] [LOG] [Fast Refresh] done in 13ms @ http://localhost:3000/_next/static/chunks/08i5_next_dist_0bovzun._.js:776
[   65862ms] [LOG] [Fast Refresh] done in 13ms @ http://localhost:3000/_next/static/chunks/08i5_next_dist_0bovzun._.js:776
[   65918ms] [LOG] [Fast Refresh] done in 13ms @ http://localhost:3000/_next/static/chunks/08i5_next_dist_0bovzun._.js:776
[   65961ms] [LOG] [Fast Refresh] done in 13ms @ http://localhost:3000/_next/static/chunks/08i5_next_dist_0bovzun._.js:776
[   66002ms] [LOG] [Fast Refresh] done in 13ms @ http://localhost:3000/_next/static/chunks/08i5_next_dist_0bovzun._.js:776
[   66056ms] [LOG] [Fast Refresh] done in 13ms @ http://localhost:3000/_next/static/chunks/08i5_next_dist_0bovzun._.js:776
[   66102ms] [LOG] [Fast Refresh] done in 13ms @ http://localhost:3000/_next/static/chunks/08i5_next_dist_0bovzun._.js:776
[   66158ms] [LOG] [Fast Refresh] done in 13ms @ http://localhost:3000/_next/static/chunks/08i5_next_dist_0bovzun._.js:776
[   66214ms] [LOG] [Fast Refresh] done in 13ms @ http://localhost:3000/_next/static/chunks/08i5_next_dist_0bovzun._.js:776
[   66272ms] [LOG] [Fast Refresh] done in 13ms @ http://localhost:3000/_next/static/chunks/08i5_next_dist_0bovzun._.js:776
[   66329ms] [LOG] [Fast Refresh] done in 13ms @ http://localhost:3000/_next/static/chunks/08i5_next_dist_0bovzun._.js:776
[   66382ms] [LOG] [Fast Refresh] done in 13ms @ http://localhost:3000/_next/static/chunks/08i5_next_dist_0bovzun._.js:776
[   66424ms] [LOG] [Fast Refresh] done in 13ms @ http://localhost:3000/_next/static/chunks/08i5_next_dist_0bovzun._.js:776
[   66487ms] [LOG] [Fast Refresh] done in 13ms @ http://localhost:3000/_next/static/chunks/08i5_next_dist_0bovzun._.js:776
[   66528ms] [LOG] [Fast Refresh] done in 13ms @ http://localhost:3000/_next/static/chunks/08i5_next_dist_0bovzun._.js:776
[   66574ms] [LOG] [Fast Refresh] done in 13ms @ http://localhost:3000/_next/static/chunks/08i5_next_dist_0bovzun._.js:776
[   66626ms] [LOG] [Fast Refresh] done in 13ms @ http://localhost:3000/_next/static/chunks/08i5_next_dist_0bovzun._.js:776
[   66667ms] [LOG] [Fast Refresh] done in 13ms @ http://localhost:3000/_next/static/chunks/08i5_next_dist_0bovzun._.js:776
[   66730ms] [LOG] [Fast Refresh] done in 13ms @ http://localhost:3000/_next/static/chunks/08i5_next_dist_0bovzun._.js:776
[   66794ms] [LOG] [Fast Refresh] done in 13ms @ http://localhost:3000/_next/static/chunks/08i5_next_dist_0bovzun._.js:776
[   66857ms] [LOG] [Fast Refresh] done in 13ms @ http://localhost:3000/_next/static/chunks/08i5_next_dist_0bovzun._.js:776
[   66920ms] [LOG] [Fast Refresh] done in 13ms @ http://localhost:3000/_next/static/chunks/08i5_next_dist_0bovzun._.js:776
[   66969ms] [LOG] [Fast Refresh] done in 13ms @ http://localhost:3000/_next/static/chunks/08i5_next_dist_0bovzun._.js:776
[   67018ms] [LOG] [Fast Refresh] done in 13ms @ http://localhost:3000/_next/static/chunks/08i5_next_dist_0bovzun._.js:776
[   67058ms] [LOG] [Fast Refresh] done in 13ms @ http://localhost:3000/_next/static/chunks/08i5_next_dist_0bovzun._.js:776
[   67108ms] [LOG] [Fast Refresh] done in 13ms @ http://localhost:3000/_next/static/chunks/08i5_next_dist_0bovzun._.js:776
[   67157ms] [LOG] [Fast Refresh] done in 13ms @ http://localhost:3000/_next/static/chunks/08i5_next_dist_0bovzun._.js:776
[   67202ms] [LOG] [Fast Refresh] done in 13ms @ http://localhost:3000/_next/static/chunks/08i5_next_dist_0bovzun._.js:776
[   67253ms] [LOG] [Fast Refresh] done in 13ms @ http://localhost:3000/_next/static/chunks/08i5_next_dist_0bovzun._.js:776
[   67306ms] [LOG] [Fast Refresh] done in 13ms @ http://localhost:3000/_next/static/chunks/08i5_next_dist_0bovzun._.js:776
[   67358ms] [LOG] [Fast Refresh] done in 13ms @ http://localhost:3000/_next/static/chunks/08i5_next_dist_0bovzun._.js:776
[   67407ms] [LOG] [Fast Refresh] done in 13ms @ http://localhost:3000/_next/static/chunks/08i5_next_dist_0bovzun._.js:776
[   67469ms] [LOG] [Fast Refresh] done in 13ms @ http://localhost:3000/_next/static/chunks/08i5_next_dist_0bovzun._.js:776
[   67533ms] [LOG] [Fast Refresh] done in 13ms @ http://localhost:3000/_next/static/chunks/08i5_next_dist_0bovzun._.js:776
[   67582ms] [LOG] [Fast Refresh] done in 13ms @ http://localhost:3000/_next/static/chunks/08i5_next_dist_0bovzun._.js:776
[   67632ms] [LOG] [Fast Refresh] done in 13ms @ http://localhost:3000/_next/static/chunks/08i5_next_dist_0bovzun._.js:776
[   67685ms] [LOG] [Fast Refresh] done in 13ms @ http://localhost:3000/_next/static/chunks/08i5_next_dist_0bovzun._.js:776
[   67748ms] [LOG] [Fast Refresh] done in 13ms @ http://localhost:3000/_next/static/chunks/08i5_next_dist_0bovzun._.js:776
[   67809ms] [LOG] [Fast Refresh] done in 13ms @ http://localhost:3000/_next/static/chunks/08i5_next_dist_0bovzun._.js:776
[   67854ms] [LOG] [Fast Refresh] done in 13ms @ http://localhost:3000/_next/static/chunks/08i5_next_dist_0bovzun._.js:776
[   67906ms] [LOG] [Fast Refresh] done in 13ms @ http://localhost:3000/_next/static/chunks/08i5_next_dist_0bovzun._.js:776
[   67963ms] [LOG] [Fast Refresh] done in 13ms @ http://localhost:3000/_next/static/chunks/08i5_next_dist_0bovzun._.js:776
[   68028ms] [LOG] [Fast Refresh] done in 13ms @ http://localhost:3000/_next/static/chunks/08i5_next_dist_0bovzun._.js:776
[   68066ms] [LOG] [Fast Refresh] done in 13ms @ http://localhost:3000/_next/static/chunks/08i5_next_dist_0bovzun._.js:776
[   68111ms] [LOG] [Fast Refresh] done in 13ms @ http://localhost:3000/_next/static/chunks/08i5_next_dist_0bovzun._.js:776
[   68160ms] [LOG] [Fast Refresh] done in 13ms @ http://localhost:3000/_next/static/chunks/08i5_next_dist_0bovzun._.js:776
[   68206ms] [LOG] [Fast Refresh] done in 13ms @ http://localhost:3000/_next/static/chunks/08i5_next_dist_0bovzun._.js:776
[   68264ms] [LOG] [Fast Refresh] done in 13ms @ http://localhost:3000/_next/static/chunks/08i5_next_dist_0bovzun._.js:776
[   68302ms] [LOG] [Fast Refresh] done in 13ms @ http://localhost:3000/_next/static/chunks/08i5_next_dist_0bovzun._.js:776
[   68341ms] [LOG] [Fast Refresh] done in 13ms @ http://localhost:3000/_next/static/chunks/08i5_next_dist_0bovzun._.js:776
[   68393ms] [LOG] [Fast Refresh] done in 13ms @ http://localhost:3000/_next/static/chunks/08i5_next_dist_0bovzun._.js:776
[   68432ms] [LOG] [Fast Refresh] done in 13ms @ http://localhost:3000/_next/static/chunks/08i5_next_dist_0bovzun._.js:776
[   68490ms] [LOG] [Fast Refresh] done in 13ms @ http://localhost:3000/_next/static/chunks/08i5_next_dist_0bovzun._.js:776
[   68544ms] [LOG] [Fast Refresh] done in 13ms @ http://localhost:3000/_next/static/chunks/08i5_next_dist_0bovzun._.js:776
[   68584ms] [LOG] [Fast Refresh] done in 13ms @ http://localhost:3000/_next/static/chunks/08i5_next_dist_0bovzun._.js:776
[   68625ms] [LOG] [Fast Refresh] done in 13ms @ http://localhost:3000/_next/static/chunks/08i5_next_dist_0bovzun._.js:776
[   68667ms] [LOG] [Fast Refresh] done in 13ms @ http://localhost:3000/_next/static/chunks/08i5_next_dist_0bovzun._.js:776
[   68719ms] [LOG] [Fast Refresh] done in 13ms @ http://localhost:3000/_next/static/chunks/08i5_next_dist_0bovzun._.js:776
[   68781ms] [LOG] [Fast Refresh] done in 13ms @ http://localhost:3000/_next/static/chunks/08i5_next_dist_0bovzun._.js:776
[   68820ms] [LOG] [Fast Refresh] done in 13ms @ http://localhost:3000/_next/static/chunks/08i5_next_dist_0bovzun._.js:776
[   68868ms] [LOG] [Fast Refresh] done in 13ms @ http://localhost:3000/_next/static/chunks/08i5_next_dist_0bovzun._.js:776
[   68910ms] [LOG] [Fast Refresh] done in 13ms @ http://localhost:3000/_next/static/chunks/08i5_next_dist_0bovzun._.js:776
[   68952ms] [LOG] [Fast Refresh] done in 13ms @ http://localhost:3000/_next/static/chunks/08i5_next_dist_0bovzun._.js:776
[   68994ms] [LOG] [Fast Refresh] done in 13ms @ http://localhost:3000/_next/static/chunks/08i5_next_dist_0bovzun._.js:776
[   69035ms] [LOG] [Fast Refresh] done in 13ms @ http://localhost:3000/_next/static/chunks/08i5_next_dist_0bovzun._.js:776
[   69077ms] [LOG] [Fast Refresh] done in 13ms @ http://localhost:3000/_next/static/chunks/08i5_next_dist_0bovzun._.js:776
[   69118ms] [LOG] [Fast Refresh] done in 13ms @ http://localhost:3000/_next/static/chunks/08i5_next_dist_0bovzun._.js:776
[   69181ms] [LOG] [Fast Refresh] done in 13ms @ http://localhost:3000/_next/static/chunks/08i5_next_dist_0bovzun._.js:776
[   69229ms] [LOG] [Fast Refresh] done in 13ms @ http://localhost:3000/_next/static/chunks/08i5_next_dist_0bovzun._.js:776
[   69271ms] [LOG] [Fast Refresh] done in 13ms @ http://localhost:3000/_next/static/chunks/08i5_next_dist_0bovzun._.js:776
[   69313ms] [LOG] [Fast Refresh] done in 13ms @ http://localhost:3000/_next/static/chunks/08i5_next_dist_0bovzun._.js:776
[   69362ms] [LOG] [Fast Refresh] done in 13ms @ http://localhost:3000/_next/static/chunks/08i5_next_dist_0bovzun._.js:776
[   69405ms] [LOG] [Fast Refresh] done in 13ms @ http://localhost:3000/_next/static/chunks/08i5_next_dist_0bovzun._.js:776
[   69457ms] [LOG] [Fast Refresh] done in 13ms @ http://localhost:3000/_next/static/chunks/08i5_next_dist_0bovzun._.js:776
[   69498ms] [LOG] [Fast Refresh] done in 13ms @ http://localhost:3000/_next/static/chunks/08i5_next_dist_0bovzun._.js:776
[   69552ms] [LOG] [Fast Refresh] done in 13ms @ http://localhost:3000/_next/static/chunks/08i5_next_dist_0bovzun._.js:776
[   69615ms] [LOG] [Fast Refresh] done in 13ms @ http://localhost:3000/_next/static/chunks/08i5_next_dist_0bovzun._.js:776
[   69666ms] [LOG] [Fast Refresh] done in 13ms @ http://localhost:3000/_next/static/chunks/08i5_next_dist_0bovzun._.js:776
[   69704ms] [LOG] [Fast Refresh] done in 13ms @ http://localhost:3000/_next/static/chunks/08i5_next_dist_0bovzun._.js:776
[   69753ms] [LOG] [Fast Refresh] done in 13ms @ http://localhost:3000/_next/static/chunks/08i5_next_dist_0bovzun._.js:776
[   69811ms] [LOG] [Fast Refresh] done in 13ms @ http://localhost:3000/_next/static/chunks/08i5_next_dist_0bovzun._.js:776
[   69870ms] [LOG] [Fast Refresh] done in 13ms @ http://localhost:3000/_next/static/chunks/08i5_next_dist_0bovzun._.js:776
[   69932ms] [LOG] [Fast Refresh] done in 13ms @ http://localhost:3000/_next/static/chunks/08i5_next_dist_0bovzun._.js:776
[   69984ms] [LOG] [Fast Refresh] done in 13ms @ http://localhost:3000/_next/static/chunks/08i5_next_dist_0bovzun._.js:776
[   70045ms] [LOG] [Fast Refresh] done in 13ms @ http://localhost:3000/_next/static/chunks/08i5_next_dist_0bovzun._.js:776
[   70105ms] [LOG] [Fast Refresh] done in 13ms @ http://localhost:3000/_next/static/chunks/08i5_next_dist_0bovzun._.js:776
[   70156ms] [LOG] [Fast Refresh] done in 13ms @ http://localhost:3000/_next/static/chunks/08i5_next_dist_0bovzun._.js:776
[   70206ms] [LOG] [Fast Refresh] done in 13ms @ http://localhost:3000/_next/static/chunks/08i5_next_dist_0bovzun._.js:776
[   70245ms] [LOG] [Fast Refresh] done in 13ms @ http://localhost:3000/_next/static/chunks/08i5_next_dist_0bovzun._.js:776
[   70303ms] [LOG] [Fast Refresh] done in 13ms @ http://localhost:3000/_next/static/chunks/08i5_next_dist_0bovzun._.js:776
[   70343ms] [LOG] [Fast Refresh] done in 13ms @ http://localhost:3000/_next/static/chunks/08i5_next_dist_0bovzun._.js:776
[   70390ms] [LOG] [Fast Refresh] done in 13ms @ http://localhost:3000/_next/static/chunks/08i5_next_dist_0bovzun._.js:776
[   70440ms] [LOG] [Fast Refresh] done in 13ms @ http://localhost:3000/_next/static/chunks/08i5_next_dist_0bovzun._.js:776
[   70495ms] [LOG] [Fast Refresh] done in 13ms @ http://localhost:3000/_next/static/chunks/08i5_next_dist_0bovzun._.js:776
[   70536ms] [LOG] [Fast Refresh] done in 13ms @ http://localhost:3000/_next/static/chunks/08i5_next_dist_0bovzun._.js:776
[   70592ms] [LOG] [Fast Refresh] done in 13ms @ http://localhost:3000/_next/static/chunks/08i5_next_dist_0bovzun._.js:776
[   70655ms] [LOG] [Fast Refresh] done in 13ms @ http://localhost:3000/_next/static/chunks/08i5_next_dist_0bovzun._.js:776
[   70721ms] [LOG] [Fast Refresh] done in 13ms @ http://localhost:3000/_next/static/chunks/08i5_next_dist_0bovzun._.js:776
[   70778ms] [LOG] [Fast Refresh] done in 13ms @ http://localhost:3000/_next/static/chunks/08i5_next_dist_0bovzun._.js:776
[   70821ms] [LOG] [Fast Refresh] done in 13ms @ http://localhost:3000/_next/static/chunks/08i5_next_dist_0bovzun._.js:776
[   70871ms] [LOG] [Fast Refresh] done in 13ms @ http://localhost:3000/_next/static/chunks/08i5_next_dist_0bovzun._.js:776
[   70931ms] [LOG] [Fast Refresh] done in 13ms @ http://localhost:3000/_next/static/chunks/08i5_next_dist_0bovzun._.js:776
[   70985ms] [LOG] [Fast Refresh] done in 13ms @ http://localhost:3000/_next/static/chunks/08i5_next_dist_0bovzun._.js:776
[   71047ms] [LOG] [Fast Refresh] done in 13ms @ http://localhost:3000/_next/static/chunks/08i5_next_dist_0bovzun._.js:776
[   71110ms] [LOG] [Fast Refresh] done in 13ms @ http://localhost:3000/_next/static/chunks/08i5_next_dist_0bovzun._.js:776
[   71160ms] [LOG] [Fast Refresh] done in 13ms @ http://localhost:3000/_next/static/chunks/08i5_next_dist_0bovzun._.js:776
[   71217ms] [LOG] [Fast Refresh] done in 13ms @ http://localhost:3000/_next/static/chunks/08i5_next_dist_0bovzun._.js:776
[   71279ms] [LOG] [Fast Refresh] done in 13ms @ http://localhost:3000/_next/static/chunks/08i5_next_dist_0bovzun._.js:776
[   71342ms] [LOG] [Fast Refresh] done in 13ms @ http://localhost:3000/_next/static/chunks/08i5_next_dist_0bovzun._.js:776
[   71394ms] [LOG] [Fast Refresh] done in 13ms @ http://localhost:3000/_next/static/chunks/08i5_next_dist_0bovzun._.js:776
[   71440ms] [LOG] [Fast Refresh] done in 13ms @ http://localhost:3000/_next/static/chunks/08i5_next_dist_0bovzun._.js:776
[   71493ms] [LOG] [Fast Refresh] done in 13ms @ http://localhost:3000/_next/static/chunks/08i5_next_dist_0bovzun._.js:776
[   71535ms] [LOG] [Fast Refresh] done in 13ms @ http://localhost:3000/_next/static/chunks/08i5_next_dist_0bovzun._.js:776
[   71597ms] [LOG] [Fast Refresh] done in 13ms @ http://localhost:3000/_next/static/chunks/08i5_next_dist_0bovzun._.js:776
[   71650ms] [LOG] [Fast Refresh] done in 13ms @ http://localhost:3000/_next/static/chunks/08i5_next_dist_0bovzun._.js:776
[   71712ms] [LOG] [Fast Refresh] done in 13ms @ http://localhost:3000/_next/static/chunks/08i5_next_dist_0bovzun._.js:776
[   71750ms] [LOG] [Fast Refresh] done in 13ms @ http://localhost:3000/_next/static/chunks/08i5_next_dist_0bovzun._.js:776
[   71811ms] [LOG] [Fast Refresh] done in 13ms @ http://localhost:3000/_next/static/chunks/08i5_next_dist_0bovzun._.js:776
[   71857ms] [LOG] [Fast Refresh] done in 13ms @ http://localhost:3000/_next/static/chunks/08i5_next_dist_0bovzun._.js:776
[   71914ms] [LOG] [Fast Refresh] done in 13ms @ http://localhost:3000/_next/static/chunks/08i5_next_dist_0bovzun._.js:776
[   71974ms] [LOG] [Fast Refresh] done in 13ms @ http://localhost:3000/_next/static/chunks/08i5_next_dist_0bovzun._.js:776
[   72028ms] [LOG] [Fast Refresh] done in 13ms @ http://localhost:3000/_next/static/chunks/08i5_next_dist_0bovzun._.js:776
[   72070ms] [LOG] [Fast Refresh] done in 13ms @ http://localhost:3000/_next/static/chunks/08i5_next_dist_0bovzun._.js:776
[   72132ms] [LOG] [Fast Refresh] done in 13ms @ http://localhost:3000/_next/static/chunks/08i5_next_dist_0bovzun._.js:776
[   72183ms] [LOG] [Fast Refresh] done in 13ms @ http://localhost:3000/_next/static/chunks/08i5_next_dist_0bovzun._.js:776
[   72233ms] [LOG] [Fast Refresh] done in 13ms @ http://localhost:3000/_next/static/chunks/08i5_next_dist_0bovzun._.js:776
[   72285ms] [LOG] [Fast Refresh] done in 13ms @ http://localhost:3000/_next/static/chunks/08i5_next_dist_0bovzun._.js:776
[   72330ms] [LOG] [Fast Refresh] done in 13ms @ http://localhost:3000/_next/static/chunks/08i5_next_dist_0bovzun._.js:776
[   72389ms] [LOG] [Fast Refresh] done in 13ms @ http://localhost:3000/_next/static/chunks/08i5_next_dist_0bovzun._.js:776
[   72441ms] [LOG] [Fast Refresh] done in 13ms @ http://localhost:3000/_next/static/chunks/08i5_next_dist_0bovzun._.js:776
[   72493ms] [LOG] [Fast Refresh] done in 13ms @ http://localhost:3000/_next/static/chunks/08i5_next_dist_0bovzun._.js:776
[   72535ms] [LOG] [Fast Refresh] done in 13ms @ http://localhost:3000/_next/static/chunks/08i5_next_dist_0bovzun._.js:776
[   72584ms] [LOG] [Fast Refresh] done in 13ms @ http://localhost:3000/_next/static/chunks/08i5_next_dist_0bovzun._.js:776
[   72632ms] [LOG] [Fast Refresh] done in 13ms @ http://localhost:3000/_next/static/chunks/08i5_next_dist_0bovzun._.js:776
[   72694ms] [LOG] [Fast Refresh] done in 13ms @ http://localhost:3000/_next/static/chunks/08i5_next_dist_0bovzun._.js:776
[   72736ms] [LOG] [Fast Refresh] done in 13ms @ http://localhost:3000/_next/static/chunks/08i5_next_dist_0bovzun._.js:776
[   72799ms] [LOG] [Fast Refresh] done in 13ms @ http://localhost:3000/_next/static/chunks/08i5_next_dist_0bovzun._.js:776
[   72849ms] [LOG] [Fast Refresh] done in 13ms @ http://localhost:3000/_next/static/chunks/08i5_next_dist_0bovzun._.js:776
[   72906ms] [LOG] [Fast Refresh] done in 13ms @ http://localhost:3000/_next/static/chunks/08i5_next_dist_0bovzun._.js:776
[   72952ms] [LOG] [Fast Refresh] done in 13ms @ http://localhost:3000/_next/static/chunks/08i5_next_dist_0bovzun._.js:776
[   73011ms] [LOG] [Fast Refresh] done in 13ms @ http://localhost:3000/_next/static/chunks/08i5_next_dist_0bovzun._.js:776
[   73070ms] [LOG] [Fast Refresh] done in 13ms @ http://localhost:3000/_next/static/chunks/08i5_next_dist_0bovzun._.js:776
[   73119ms] [LOG] [Fast Refresh] done in 13ms @ http://localhost:3000/_next/static/chunks/08i5_next_dist_0bovzun._.js:776
[   73160ms] [LOG] [Fast Refresh] done in 13ms @ http://localhost:3000/_next/static/chunks/08i5_next_dist_0bovzun._.js:776
[   73216ms] [LOG] [Fast Refresh] done in 13ms @ http://localhost:3000/_next/static/chunks/08i5_next_dist_0bovzun._.js:776
[   73257ms] [LOG] [Fast Refresh] done in 13ms @ http://localhost:3000/_next/static/chunks/08i5_next_dist_0bovzun._.js:776
