[      54ms] [LOG] [Fast Refresh] done in 356ms @ http://localhost:3000/_next/static/chunks/08i5_next_dist_0bovzun._.js:776
[     162ms] [LOG] [Fast Refresh] done in 356ms @ http://localhost:3000/_next/static/chunks/08i5_next_dist_0bovzun._.js:776
[     231ms] [LOG] [Fast Refresh] done in 356ms @ http://localhost:3000/_next/static/chunks/08i5_next_dist_0bovzun._.js:776
[     289ms] [LOG] [Fast Refresh] done in 356ms @ http://localhost:3000/_next/static/chunks/08i5_next_dist_0bovzun._.js:776
[     338ms] [LOG] [Fast Refresh] done in 356ms @ http://localhost:3000/_next/static/chunks/08i5_next_dist_0bovzun._.js:776
[     384ms] [LOG] [Fast Refresh] done in 356ms @ http://localhost:3000/_next/static/chunks/08i5_next_dist_0bovzun._.js:776
[     444ms] [LOG] [Fast Refresh] done in 356ms @ http://localhost:3000/_next/static/chunks/08i5_next_dist_0bovzun._.js:776
[     492ms] [LOG] [Fast Refresh] done in 356ms @ http://localhost:3000/_next/static/chunks/08i5_next_dist_0bovzun._.js:776
[     559ms] [LOG] [Fast Refresh] done in 356ms @ http://localhost:3000/_next/static/chunks/08i5_next_dist_0bovzun._.js:776
[     615ms] [LOG] [Fast Refresh] done in 356ms @ http://localhost:3000/_next/static/chunks/08i5_next_dist_0bovzun._.js:776
[     661ms] [LOG] [Fast Refresh] done in 356ms @ http://localhost:3000/_next/static/chunks/08i5_next_dist_0bovzun._.js:776
[     710ms] [LOG] [Fast Refresh] done in 356ms @ http://localhost:3000/_next/static/chunks/08i5_next_dist_0bovzun._.js:776
[     762ms] [LOG] [Fast Refresh] done in 356ms @ http://localhost:3000/_next/static/chunks/08i5_next_dist_0bovzun._.js:776
[     825ms] [LOG] [Fast Refresh] done in 356ms @ http://localhost:3000/_next/static/chunks/08i5_next_dist_0bovzun._.js:776
[     870ms] [LOG] [Fast Refresh] done in 356ms @ http://localhost:3000/_next/static/chunks/08i5_next_dist_0bovzun._.js:776
[     927ms] [LOG] [Fast Refresh] done in 356ms @ http://localhost:3000/_next/static/chunks/08i5_next_dist_0bovzun._.js:776
[     979ms] [LOG] [Fast Refresh] done in 356ms @ http://localhost:3000/_next/static/chunks/08i5_next_dist_0bovzun._.js:776
[    1036ms] [LOG] [Fast Refresh] done in 356ms @ http://localhost:3000/_next/static/chunks/08i5_next_dist_0bovzun._.js:776
[    1085ms] [LOG] [Fast Refresh] done in 356ms @ http://localhost:3000/_next/static/chunks/08i5_next_dist_0bovzun._.js:776
[    1138ms] [LOG] [Fast Refresh] done in 356ms @ http://localhost:3000/_next/static/chunks/08i5_next_dist_0bovzun._.js:776
[    1178ms] [LOG] [Fast Refresh] done in 356ms @ http://localhost:3000/_next/static/chunks/08i5_next_dist_0bovzun._.js:776
[    1246ms] [LOG] [Fast Refresh] done in 356ms @ http://localhost:3000/_next/static/chunks/08i5_next_dist_0bovzun._.js:776
[    1301ms] [LOG] [Fast Refresh] done in 356ms @ http://localhost:3000/_next/static/chunks/08i5_next_dist_0bovzun._.js:776
[    1405ms] [LOG] [Fast Refresh] done in 356ms @ http://localhost:3000/_next/static/chunks/08i5_next_dist_0bovzun._.js:776
[    1518ms] [INFO] %cDownload the React DevTools for a better development experience: https://react.dev/link/react-devtools font-weight:bold @ http://localhost:3000/_next/static/chunks/08i5_next_dist_0bovzun._.js:776
[    1548ms] [LOG] [HMR] connected @ http://localhost:3000/_next/static/chunks/08i5_next_dist_0bovzun._.js:776
