[      12ms] [LOG] [Fast Refresh] done in 31ms @ http://localhost:3000/_next/static/chunks/08i5_next_dist_0bovzun._.js:776
[      77ms] [LOG] [Fast Refresh] done in 31ms @ http://localhost:3000/_next/static/chunks/08i5_next_dist_0bovzun._.js:776
[     147ms] [LOG] [Fast Refresh] done in 31ms @ http://localhost:3000/_next/static/chunks/08i5_next_dist_0bovzun._.js:776
[     197ms] [LOG] [Fast Refresh] done in 31ms @ http://localhost:3000/_next/static/chunks/08i5_next_dist_0bovzun._.js:776
[     262ms] [LOG] [Fast Refresh] done in 31ms @ http://localhost:3000/_next/static/chunks/08i5_next_dist_0bovzun._.js:776
[     312ms] [LOG] [Fast Refresh] done in 31ms @ http://localhost:3000/_next/static/chunks/08i5_next_dist_0bovzun._.js:776
[     378ms] [LOG] [Fast Refresh] done in 31ms @ http://localhost:3000/_next/static/chunks/08i5_next_dist_0bovzun._.js:776
[     442ms] [LOG] [Fast Refresh] done in 31ms @ http://localhost:3000/_next/static/chunks/08i5_next_dist_0bovzun._.js:776
[     486ms] [LOG] [Fast Refresh] done in 31ms @ http://localhost:3000/_next/static/chunks/08i5_next_dist_0bovzun._.js:776
[     552ms] [LOG] [Fast Refresh] done in 31ms @ http://localhost:3000/_next/static/chunks/08i5_next_dist_0bovzun._.js:776
[     592ms] [LOG] [Fast Refresh] done in 31ms @ http://localhost:3000/_next/static/chunks/08i5_next_dist_0bovzun._.js:776
[     654ms] [LOG] [Fast Refresh] done in 31ms @ http://localhost:3000/_next/static/chunks/08i5_next_dist_0bovzun._.js:776
[     702ms] [LOG] [Fast Refresh] done in 31ms @ http://localhost:3000/_next/static/chunks/08i5_next_dist_0bovzun._.js:776
[     767ms] [LOG] [Fast Refresh] done in 31ms @ http://localhost:3000/_next/static/chunks/08i5_next_dist_0bovzun._.js:776
[     819ms] [LOG] [Fast Refresh] done in 31ms @ http://localhost:3000/_next/static/chunks/08i5_next_dist_0bovzun._.js:776
[     888ms] [LOG] [Fast Refresh] done in 31ms @ http://localhost:3000/_next/static/chunks/08i5_next_dist_0bovzun._.js:776
[     940ms] [LOG] [Fast Refresh] done in 31ms @ http://localhost:3000/_next/static/chunks/08i5_next_dist_0bovzun._.js:776
[    1000ms] [LOG] [Fast Refresh] done in 31ms @ http://localhost:3000/_next/static/chunks/08i5_next_dist_0bovzun._.js:776
[    1054ms] [LOG] [Fast Refresh] done in 31ms @ http://localhost:3000/_next/static/chunks/08i5_next_dist_0bovzun._.js:776
[    1114ms] [LOG] [Fast Refresh] done in 31ms @ http://localhost:3000/_next/static/chunks/08i5_next_dist_0bovzun._.js:776
[    1158ms] [LOG] [Fast Refresh] done in 31ms @ http://localhost:3000/_next/static/chunks/08i5_next_dist_0bovzun._.js:776
[    1225ms] [LOG] [Fast Refresh] done in 31ms @ http://localhost:3000/_next/static/chunks/08i5_next_dist_0bovzun._.js:776
[    1278ms] [LOG] [Fast Refresh] done in 31ms @ http://localhost:3000/_next/static/chunks/08i5_next_dist_0bovzun._.js:776
[    1326ms] [LOG] [Fast Refresh] done in 31ms @ http://localhost:3000/_next/static/chunks/08i5_next_dist_0bovzun._.js:776
[    1385ms] [LOG] [Fast Refresh] done in 31ms @ http://localhost:3000/_next/static/chunks/08i5_next_dist_0bovzun._.js:776
[    1437ms] [LOG] [Fast Refresh] done in 31ms @ http://localhost:3000/_next/static/chunks/08i5_next_dist_0bovzun._.js:776
[    1491ms] [LOG] [Fast Refresh] done in 31ms @ http://localhost:3000/_next/static/chunks/08i5_next_dist_0bovzun._.js:776
[    1555ms] [LOG] [Fast Refresh] done in 31ms @ http://localhost:3000/_next/static/chunks/08i5_next_dist_0bovzun._.js:776
[    1595ms] [LOG] [Fast Refresh] done in 31ms @ http://localhost:3000/_next/static/chunks/08i5_next_dist_0bovzun._.js:776
[    1644ms] [LOG] [Fast Refresh] done in 31ms @ http://localhost:3000/_next/static/chunks/08i5_next_dist_0bovzun._.js:776
[    1708ms] [LOG] [Fast Refresh] done in 31ms @ http://localhost:3000/_next/static/chunks/08i5_next_dist_0bovzun._.js:776
[    1777ms] [LOG] [Fast Refresh] done in 31ms @ http://localhost:3000/_next/static/chunks/08i5_next_dist_0bovzun._.js:776
[    1836ms] [LOG] [Fast Refresh] done in 31ms @ http://localhost:3000/_next/static/chunks/08i5_next_dist_0bovzun._.js:776
[    2123ms] [LOG] [Fast Refresh] done in 31ms @ http://localhost:3000/_next/static/chunks/08i5_next_dist_0bovzun._.js:776
[    2386ms] [INFO] %cDownload the React DevTools for a better development experience: https://react.dev/link/react-devtools font-weight:bold @ http://localhost:3000/_next/static/chunks/08i5_next_dist_0bovzun._.js:776
[    2410ms] [LOG] [HMR] connected @ http://localhost:3000/_next/static/chunks/08i5_next_dist_0bovzun._.js:776
[ 3203773ms] [LOG] [HMR] connected @ http://localhost:3000/_next/static/chunks/08i5_next_dist_0bovzun._.js:776
