[       3ms] [LOG] [Fast Refresh] done in 13ms @ http://localhost:3000/_next/static/chunks/08i5_next_dist_0bovzun._.js:776
[      60ms] [LOG] [Fast Refresh] done in 13ms @ http://localhost:3000/_next/static/chunks/08i5_next_dist_0bovzun._.js:776
[     132ms] [LOG] [Fast Refresh] done in 13ms @ http://localhost:3000/_next/static/chunks/08i5_next_dist_0bovzun._.js:776
[     195ms] [LOG] [Fast Refresh] done in 13ms @ http://localhost:3000/_next/static/chunks/08i5_next_dist_0bovzun._.js:776
[     250ms] [LOG] [Fast Refresh] done in 13ms @ http://localhost:3000/_next/static/chunks/08i5_next_dist_0bovzun._.js:776
[     292ms] [LOG] [Fast Refresh] done in 13ms @ http://localhost:3000/_next/static/chunks/08i5_next_dist_0bovzun._.js:776
[     347ms] [LOG] [Fast Refresh] done in 13ms @ http://localhost:3000/_next/static/chunks/08i5_next_dist_0bovzun._.js:776
[     389ms] [LOG] [Fast Refresh] done in 13ms @ http://localhost:3000/_next/static/chunks/08i5_next_dist_0bovzun._.js:776
[     442ms] [LOG] [Fast Refresh] done in 13ms @ http://localhost:3000/_next/static/chunks/08i5_next_dist_0bovzun._.js:776
[     505ms] [LOG] [Fast Refresh] done in 13ms @ http://localhost:3000/_next/static/chunks/08i5_next_dist_0bovzun._.js:776
[     572ms] [LOG] [Fast Refresh] done in 13ms @ http://localhost:3000/_next/static/chunks/08i5_next_dist_0bovzun._.js:776
[     631ms] [LOG] [Fast Refresh] done in 13ms @ http://localhost:3000/_next/static/chunks/08i5_next_dist_0bovzun._.js:776
[     694ms] [LOG] [Fast Refresh] done in 13ms @ http://localhost:3000/_next/static/chunks/08i5_next_dist_0bovzun._.js:776
[     759ms] [LOG] [Fast Refresh] done in 13ms @ http://localhost:3000/_next/static/chunks/08i5_next_dist_0bovzun._.js:776
[     908ms] [INFO] %cDownload the React DevTools for a better development experience: https://react.dev/link/react-devtools font-weight:bold @ http://localhost:3000/_next/static/chunks/08i5_next_dist_0bovzun._.js:776
[     930ms] [LOG] [HMR] connected @ http://localhost:3000/_next/static/chunks/08i5_next_dist_0bovzun._.js:776
[   85521ms] [LOG] [Fast Refresh] rebuilding @ http://localhost:3000/_next/static/chunks/08i5_next_dist_0bovzun._.js:776
[   85857ms] [LOG] [Fast Refresh] done in 356ms @ http://localhost:3000/_next/static/chunks/08i5_next_dist_0bovzun._.js:776
[   85858ms] [LOG] [Fast Refresh] done in 356ms @ http://localhost:3000/_next/static/chunks/08i5_next_dist_0bovzun._.js:776
[   85915ms] [LOG] [Fast Refresh] done in 356ms @ http://localhost:3000/_next/static/chunks/08i5_next_dist_0bovzun._.js:776
[   85916ms] [LOG] [Fast Refresh] done in 356ms @ http://localhost:3000/_next/static/chunks/08i5_next_dist_0bovzun._.js:776
[   85985ms] [LOG] [Fast Refresh] done in 356ms @ http://localhost:3000/_next/static/chunks/08i5_next_dist_0bovzun._.js:776
[   86034ms] [LOG] [Fast Refresh] done in 356ms @ http://localhost:3000/_next/static/chunks/08i5_next_dist_0bovzun._.js:776
[   86092ms] [LOG] [Fast Refresh] done in 356ms @ http://localhost:3000/_next/static/chunks/08i5_next_dist_0bovzun._.js:776
[   86137ms] [LOG] [Fast Refresh] done in 356ms @ http://localhost:3000/_next/static/chunks/08i5_next_dist_0bovzun._.js:776
[   86276ms] [LOG] [Fast Refresh] done in 356ms @ http://localhost:3000/_next/static/chunks/08i5_next_dist_0bovzun._.js:776
[   86329ms] [LOG] [Fast Refresh] done in 356ms @ http://localhost:3000/_next/static/chunks/08i5_next_dist_0bovzun._.js:776
[   86381ms] [LOG] [Fast Refresh] done in 356ms @ http://localhost:3000/_next/static/chunks/08i5_next_dist_0bovzun._.js:776
[   86426ms] [LOG] [Fast Refresh] done in 356ms @ http://localhost:3000/_next/static/chunks/08i5_next_dist_0bovzun._.js:776
[   86472ms] [LOG] [Fast Refresh] done in 356ms @ http://localhost:3000/_next/static/chunks/08i5_next_dist_0bovzun._.js:776
[   86517ms] [LOG] [Fast Refresh] done in 356ms @ http://localhost:3000/_next/static/chunks/08i5_next_dist_0bovzun._.js:776
[   86560ms] [LOG] [Fast Refresh] done in 356ms @ http://localhost:3000/_next/static/chunks/08i5_next_dist_0bovzun._.js:776
[   86601ms] [LOG] [Fast Refresh] done in 356ms @ http://localhost:3000/_next/static/chunks/08i5_next_dist_0bovzun._.js:776
[   86650ms] [LOG] [Fast Refresh] done in 356ms @ http://localhost:3000/_next/static/chunks/08i5_next_dist_0bovzun._.js:776
[   86692ms] [LOG] [Fast Refresh] done in 356ms @ http://localhost:3000/_next/static/chunks/08i5_next_dist_0bovzun._.js:776
[   86733ms] [LOG] [Fast Refresh] done in 356ms @ http://localhost:3000/_next/static/chunks/08i5_next_dist_0bovzun._.js:776
[   86773ms] [LOG] [Fast Refresh] done in 356ms @ http://localhost:3000/_next/static/chunks/08i5_next_dist_0bovzun._.js:776
[   86822ms] [LOG] [Fast Refresh] done in 356ms @ http://localhost:3000/_next/static/chunks/08i5_next_dist_0bovzun._.js:776
[   86863ms] [LOG] [Fast Refresh] done in 356ms @ http://localhost:3000/_next/static/chunks/08i5_next_dist_0bovzun._.js:776
[   86905ms] [LOG] [Fast Refresh] done in 356ms @ http://localhost:3000/_next/static/chunks/08i5_next_dist_0bovzun._.js:776
[   86947ms] [LOG] [Fast Refresh] done in 356ms @ http://localhost:3000/_next/static/chunks/08i5_next_dist_0bovzun._.js:776
[   86988ms] [LOG] [Fast Refresh] done in 356ms @ http://localhost:3000/_next/static/chunks/08i5_next_dist_0bovzun._.js:776
[   87031ms] [LOG] [Fast Refresh] done in 356ms @ http://localhost:3000/_next/static/chunks/08i5_next_dist_0bovzun._.js:776
[   87079ms] [LOG] [Fast Refresh] done in 356ms @ http://localhost:3000/_next/static/chunks/08i5_next_dist_0bovzun._.js:776
[   87121ms] [LOG] [Fast Refresh] done in 356ms @ http://localhost:3000/_next/static/chunks/08i5_next_dist_0bovzun._.js:776
[   87162ms] [LOG] [Fast Refresh] done in 356ms @ http://localhost:3000/_next/static/chunks/08i5_next_dist_0bovzun._.js:776
[   87204ms] [LOG] [Fast Refresh] done in 356ms @ http://localhost:3000/_next/static/chunks/08i5_next_dist_0bovzun._.js:776
[   87246ms] [LOG] [Fast Refresh] done in 356ms @ http://localhost:3000/_next/static/chunks/08i5_next_dist_0bovzun._.js:776
[   87295ms] [LOG] [Fast Refresh] done in 356ms @ http://localhost:3000/_next/static/chunks/08i5_next_dist_0bovzun._.js:776
[   87347ms] [LOG] [Fast Refresh] done in 356ms @ http://localhost:3000/_next/static/chunks/08i5_next_dist_0bovzun._.js:776
[   87404ms] [LOG] [Fast Refresh] done in 356ms @ http://localhost:3000/_next/static/chunks/08i5_next_dist_0bovzun._.js:776
[   87476ms] [LOG] [Fast Refresh] done in 356ms @ http://localhost:3000/_next/static/chunks/08i5_next_dist_0bovzun._.js:776
[   87540ms] [LOG] [Fast Refresh] done in 356ms @ http://localhost:3000/_next/static/chunks/08i5_next_dist_0bovzun._.js:776
[   87605ms] [LOG] [Fast Refresh] done in 356ms @ http://localhost:3000/_next/static/chunks/08i5_next_dist_0bovzun._.js:776
[   87648ms] [LOG] [Fast Refresh] done in 356ms @ http://localhost:3000/_next/static/chunks/08i5_next_dist_0bovzun._.js:776
[   87707ms] [LOG] [Fast Refresh] done in 356ms @ http://localhost:3000/_next/static/chunks/08i5_next_dist_0bovzun._.js:776
[   87752ms] [LOG] [Fast Refresh] done in 356ms @ http://localhost:3000/_next/static/chunks/08i5_next_dist_0bovzun._.js:776
[   87794ms] [LOG] [Fast Refresh] done in 356ms @ http://localhost:3000/_next/static/chunks/08i5_next_dist_0bovzun._.js:776
[   87835ms] [LOG] [Fast Refresh] done in 356ms @ http://localhost:3000/_next/static/chunks/08i5_next_dist_0bovzun._.js:776
[   87888ms] [LOG] [Fast Refresh] done in 356ms @ http://localhost:3000/_next/static/chunks/08i5_next_dist_0bovzun._.js:776
[   87940ms] [LOG] [Fast Refresh] done in 356ms @ http://localhost:3000/_next/static/chunks/08i5_next_dist_0bovzun._.js:776
[   87999ms] [LOG] [Fast Refresh] done in 356ms @ http://localhost:3000/_next/static/chunks/08i5_next_dist_0bovzun._.js:776
[   88040ms] [LOG] [Fast Refresh] done in 356ms @ http://localhost:3000/_next/static/chunks/08i5_next_dist_0bovzun._.js:776
[   88082ms] [LOG] [Fast Refresh] done in 356ms @ http://localhost:3000/_next/static/chunks/08i5_next_dist_0bovzun._.js:776
[   88124ms] [LOG] [Fast Refresh] done in 356ms @ http://localhost:3000/_next/static/chunks/08i5_next_dist_0bovzun._.js:776
[   88169ms] [LOG] [Fast Refresh] done in 356ms @ http://localhost:3000/_next/static/chunks/08i5_next_dist_0bovzun._.js:776
[   88210ms] [LOG] [Fast Refresh] done in 356ms @ http://localhost:3000/_next/static/chunks/08i5_next_dist_0bovzun._.js:776
[   88252ms] [LOG] [Fast Refresh] done in 356ms @ http://localhost:3000/_next/static/chunks/08i5_next_dist_0bovzun._.js:776
[   88294ms] [LOG] [Fast Refresh] done in 356ms @ http://localhost:3000/_next/static/chunks/08i5_next_dist_0bovzun._.js:776
[   88336ms] [LOG] [Fast Refresh] done in 356ms @ http://localhost:3000/_next/static/chunks/08i5_next_dist_0bovzun._.js:776
[   88384ms] [LOG] [Fast Refresh] done in 356ms @ http://localhost:3000/_next/static/chunks/08i5_next_dist_0bovzun._.js:776
[   88426ms] [LOG] [Fast Refresh] done in 356ms @ http://localhost:3000/_next/static/chunks/08i5_next_dist_0bovzun._.js:776
[   88474ms] [LOG] [Fast Refresh] done in 356ms @ http://localhost:3000/_next/static/chunks/08i5_next_dist_0bovzun._.js:776
[   88524ms] [LOG] [Fast Refresh] done in 356ms @ http://localhost:3000/_next/static/chunks/08i5_next_dist_0bovzun._.js:776
[   88565ms] [LOG] [Fast Refresh] done in 356ms @ http://localhost:3000/_next/static/chunks/08i5_next_dist_0bovzun._.js:776
[   88606ms] [LOG] [Fast Refresh] done in 356ms @ http://localhost:3000/_next/static/chunks/08i5_next_dist_0bovzun._.js:776
[   88648ms] [LOG] [Fast Refresh] done in 356ms @ http://localhost:3000/_next/static/chunks/08i5_next_dist_0bovzun._.js:776
[   88699ms] [LOG] [Fast Refresh] done in 356ms @ http://localhost:3000/_next/static/chunks/08i5_next_dist_0bovzun._.js:776
[   88764ms] [LOG] [Fast Refresh] done in 356ms @ http://localhost:3000/_next/static/chunks/08i5_next_dist_0bovzun._.js:776
[   88805ms] [LOG] [Fast Refresh] done in 356ms @ http://localhost:3000/_next/static/chunks/08i5_next_dist_0bovzun._.js:776
[   88849ms] [LOG] [Fast Refresh] done in 356ms @ http://localhost:3000/_next/static/chunks/08i5_next_dist_0bovzun._.js:776
[   88905ms] [LOG] [Fast Refresh] done in 356ms @ http://localhost:3000/_next/static/chunks/08i5_next_dist_0bovzun._.js:776
[   88968ms] [LOG] [Fast Refresh] done in 356ms @ http://localhost:3000/_next/static/chunks/08i5_next_dist_0bovzun._.js:776
[   89019ms] [LOG] [Fast Refresh] done in 356ms @ http://localhost:3000/_next/static/chunks/08i5_next_dist_0bovzun._.js:776
[   89069ms] [LOG] [Fast Refresh] done in 356ms @ http://localhost:3000/_next/static/chunks/08i5_next_dist_0bovzun._.js:776
[   89131ms] [LOG] [Fast Refresh] done in 356ms @ http://localhost:3000/_next/static/chunks/08i5_next_dist_0bovzun._.js:776
[   89188ms] [LOG] [Fast Refresh] done in 356ms @ http://localhost:3000/_next/static/chunks/08i5_next_dist_0bovzun._.js:776
[   89251ms] [LOG] [Fast Refresh] done in 356ms @ http://localhost:3000/_next/static/chunks/08i5_next_dist_0bovzun._.js:776
[   89313ms] [LOG] [Fast Refresh] done in 356ms @ http://localhost:3000/_next/static/chunks/08i5_next_dist_0bovzun._.js:776
[   89375ms] [LOG] [Fast Refresh] done in 356ms @ http://localhost:3000/_next/static/chunks/08i5_next_dist_0bovzun._.js:776
[   89430ms] [LOG] [Fast Refresh] done in 356ms @ http://localhost:3000/_next/static/chunks/08i5_next_dist_0bovzun._.js:776
[   89495ms] [LOG] [Fast Refresh] done in 356ms @ http://localhost:3000/_next/static/chunks/08i5_next_dist_0bovzun._.js:776
[   89539ms] [LOG] [Fast Refresh] done in 356ms @ http://localhost:3000/_next/static/chunks/08i5_next_dist_0bovzun._.js:776
[   89602ms] [LOG] [Fast Refresh] done in 356ms @ http://localhost:3000/_next/static/chunks/08i5_next_dist_0bovzun._.js:776
[   89666ms] [LOG] [Fast Refresh] done in 356ms @ http://localhost:3000/_next/static/chunks/08i5_next_dist_0bovzun._.js:776
[   89729ms] [LOG] [Fast Refresh] done in 356ms @ http://localhost:3000/_next/static/chunks/08i5_next_dist_0bovzun._.js:776
[   89786ms] [LOG] [Fast Refresh] done in 356ms @ http://localhost:3000/_next/static/chunks/08i5_next_dist_0bovzun._.js:776
[   89835ms] [LOG] [Fast Refresh] done in 356ms @ http://localhost:3000/_next/static/chunks/08i5_next_dist_0bovzun._.js:776
[   89896ms] [LOG] [Fast Refresh] done in 356ms @ http://localhost:3000/_next/static/chunks/08i5_next_dist_0bovzun._.js:776
[   89958ms] [LOG] [Fast Refresh] done in 356ms @ http://localhost:3000/_next/static/chunks/08i5_next_dist_0bovzun._.js:776
[   90011ms] [LOG] [Fast Refresh] done in 356ms @ http://localhost:3000/_next/static/chunks/08i5_next_dist_0bovzun._.js:776
[   90087ms] [LOG] [Fast Refresh] done in 356ms @ http://localhost:3000/_next/static/chunks/08i5_next_dist_0bovzun._.js:776
[   90144ms] [LOG] [Fast Refresh] done in 356ms @ http://localhost:3000/_next/static/chunks/08i5_next_dist_0bovzun._.js:776
[   90193ms] [LOG] [Fast Refresh] done in 356ms @ http://localhost:3000/_next/static/chunks/08i5_next_dist_0bovzun._.js:776
[   90255ms] [LOG] [Fast Refresh] done in 356ms @ http://localhost:3000/_next/static/chunks/08i5_next_dist_0bovzun._.js:776
[   90317ms] [LOG] [Fast Refresh] done in 356ms @ http://localhost:3000/_next/static/chunks/08i5_next_dist_0bovzun._.js:776
[   90367ms] [LOG] [Fast Refresh] done in 356ms @ http://localhost:3000/_next/static/chunks/08i5_next_dist_0bovzun._.js:776
[   90431ms] [LOG] [Fast Refresh] done in 356ms @ http://localhost:3000/_next/static/chunks/08i5_next_dist_0bovzun._.js:776
[   90481ms] [LOG] [Fast Refresh] done in 356ms @ http://localhost:3000/_next/static/chunks/08i5_next_dist_0bovzun._.js:776
[   90546ms] [LOG] [Fast Refresh] done in 356ms @ http://localhost:3000/_next/static/chunks/08i5_next_dist_0bovzun._.js:776
[   90609ms] [LOG] [Fast Refresh] done in 356ms @ http://localhost:3000/_next/static/chunks/08i5_next_dist_0bovzun._.js:776
[   90671ms] [LOG] [Fast Refresh] done in 356ms @ http://localhost:3000/_next/static/chunks/08i5_next_dist_0bovzun._.js:776
[   90724ms] [LOG] [Fast Refresh] done in 356ms @ http://localhost:3000/_next/static/chunks/08i5_next_dist_0bovzun._.js:776
[   90780ms] [LOG] [Fast Refresh] done in 356ms @ http://localhost:3000/_next/static/chunks/08i5_next_dist_0bovzun._.js:776
[   90844ms] [LOG] [Fast Refresh] done in 356ms @ http://localhost:3000/_next/static/chunks/08i5_next_dist_0bovzun._.js:776
[   90895ms] [LOG] [Fast Refresh] done in 356ms @ http://localhost:3000/_next/static/chunks/08i5_next_dist_0bovzun._.js:776
[   90945ms] [LOG] [Fast Refresh] done in 356ms @ http://localhost:3000/_next/static/chunks/08i5_next_dist_0bovzun._.js:776
[   90993ms] [LOG] [Fast Refresh] done in 356ms @ http://localhost:3000/_next/static/chunks/08i5_next_dist_0bovzun._.js:776
[   91056ms] [LOG] [Fast Refresh] done in 356ms @ http://localhost:3000/_next/static/chunks/08i5_next_dist_0bovzun._.js:776
[   91119ms] [LOG] [Fast Refresh] done in 356ms @ http://localhost:3000/_next/static/chunks/08i5_next_dist_0bovzun._.js:776
[   91185ms] [LOG] [Fast Refresh] done in 356ms @ http://localhost:3000/_next/static/chunks/08i5_next_dist_0bovzun._.js:776
[   91244ms] [LOG] [Fast Refresh] done in 356ms @ http://localhost:3000/_next/static/chunks/08i5_next_dist_0bovzun._.js:776
[   91308ms] [LOG] [Fast Refresh] done in 356ms @ http://localhost:3000/_next/static/chunks/08i5_next_dist_0bovzun._.js:776
[   91364ms] [LOG] [Fast Refresh] done in 356ms @ http://localhost:3000/_next/static/chunks/08i5_next_dist_0bovzun._.js:776
[   91415ms] [LOG] [Fast Refresh] done in 356ms @ http://localhost:3000/_next/static/chunks/08i5_next_dist_0bovzun._.js:776
[   91465ms] [LOG] [Fast Refresh] done in 356ms @ http://localhost:3000/_next/static/chunks/08i5_next_dist_0bovzun._.js:776
[   91516ms] [LOG] [Fast Refresh] done in 356ms @ http://localhost:3000/_next/static/chunks/08i5_next_dist_0bovzun._.js:776
[   91567ms] [LOG] [Fast Refresh] done in 356ms @ http://localhost:3000/_next/static/chunks/08i5_next_dist_0bovzun._.js:776
[   91631ms] [LOG] [Fast Refresh] done in 356ms @ http://localhost:3000/_next/static/chunks/08i5_next_dist_0bovzun._.js:776
[   91699ms] [LOG] [Fast Refresh] done in 356ms @ http://localhost:3000/_next/static/chunks/08i5_next_dist_0bovzun._.js:776
[   91763ms] [LOG] [Fast Refresh] done in 356ms @ http://localhost:3000/_next/static/chunks/08i5_next_dist_0bovzun._.js:776
[   91815ms] [LOG] [Fast Refresh] done in 356ms @ http://localhost:3000/_next/static/chunks/08i5_next_dist_0bovzun._.js:776
[   91879ms] [LOG] [Fast Refresh] done in 356ms @ http://localhost:3000/_next/static/chunks/08i5_next_dist_0bovzun._.js:776
[   91935ms] [LOG] [Fast Refresh] done in 356ms @ http://localhost:3000/_next/static/chunks/08i5_next_dist_0bovzun._.js:776
[   91997ms] [LOG] [Fast Refresh] done in 356ms @ http://localhost:3000/_next/static/chunks/08i5_next_dist_0bovzun._.js:776
[   92061ms] [LOG] [Fast Refresh] done in 356ms @ http://localhost:3000/_next/static/chunks/08i5_next_dist_0bovzun._.js:776
[   92124ms] [LOG] [Fast Refresh] done in 356ms @ http://localhost:3000/_next/static/chunks/08i5_next_dist_0bovzun._.js:776
[   92186ms] [LOG] [Fast Refresh] done in 356ms @ http://localhost:3000/_next/static/chunks/08i5_next_dist_0bovzun._.js:776
[   92255ms] [LOG] [Fast Refresh] done in 356ms @ http://localhost:3000/_next/static/chunks/08i5_next_dist_0bovzun._.js:776
[   92305ms] [LOG] [Fast Refresh] done in 356ms @ http://localhost:3000/_next/static/chunks/08i5_next_dist_0bovzun._.js:776
[   92373ms] [LOG] [Fast Refresh] done in 356ms @ http://localhost:3000/_next/static/chunks/08i5_next_dist_0bovzun._.js:776
[   92425ms] [LOG] [Fast Refresh] done in 356ms @ http://localhost:3000/_next/static/chunks/08i5_next_dist_0bovzun._.js:776
[   92486ms] [LOG] [Fast Refresh] done in 356ms @ http://localhost:3000/_next/static/chunks/08i5_next_dist_0bovzun._.js:776
[   92550ms] [LOG] [Fast Refresh] done in 356ms @ http://localhost:3000/_next/static/chunks/08i5_next_dist_0bovzun._.js:776
[   92614ms] [LOG] [Fast Refresh] done in 356ms @ http://localhost:3000/_next/static/chunks/08i5_next_dist_0bovzun._.js:776
[   92672ms] [LOG] [Fast Refresh] done in 356ms @ http://localhost:3000/_next/static/chunks/08i5_next_dist_0bovzun._.js:776
[   92714ms] [LOG] [Fast Refresh] done in 356ms @ http://localhost:3000/_next/static/chunks/08i5_next_dist_0bovzun._.js:776
[   92756ms] [LOG] [Fast Refresh] done in 356ms @ http://localhost:3000/_next/static/chunks/08i5_next_dist_0bovzun._.js:776
[   92797ms] [LOG] [Fast Refresh] done in 356ms @ http://localhost:3000/_next/static/chunks/08i5_next_dist_0bovzun._.js:776
[   92839ms] [LOG] [Fast Refresh] done in 356ms @ http://localhost:3000/_next/static/chunks/08i5_next_dist_0bovzun._.js:776
[   92881ms] [LOG] [Fast Refresh] done in 356ms @ http://localhost:3000/_next/static/chunks/08i5_next_dist_0bovzun._.js:776
[   92926ms] [LOG] [Fast Refresh] done in 356ms @ http://localhost:3000/_next/static/chunks/08i5_next_dist_0bovzun._.js:776
[   92968ms] [LOG] [Fast Refresh] done in 356ms @ http://localhost:3000/_next/static/chunks/08i5_next_dist_0bovzun._.js:776
[   93023ms] [LOG] [Fast Refresh] done in 356ms @ http://localhost:3000/_next/static/chunks/08i5_next_dist_0bovzun._.js:776
[   93065ms] [LOG] [Fast Refresh] done in 356ms @ http://localhost:3000/_next/static/chunks/08i5_next_dist_0bovzun._.js:776
[   93110ms] [LOG] [Fast Refresh] done in 356ms @ http://localhost:3000/_next/static/chunks/08i5_next_dist_0bovzun._.js:776
[   93148ms] [LOG] [Fast Refresh] done in 356ms @ http://localhost:3000/_next/static/chunks/08i5_next_dist_0bovzun._.js:776
[   93190ms] [LOG] [Fast Refresh] done in 356ms @ http://localhost:3000/_next/static/chunks/08i5_next_dist_0bovzun._.js:776
[   93239ms] [LOG] [Fast Refresh] done in 356ms @ http://localhost:3000/_next/static/chunks/08i5_next_dist_0bovzun._.js:776
[   93280ms] [LOG] [Fast Refresh] done in 356ms @ http://localhost:3000/_next/static/chunks/08i5_next_dist_0bovzun._.js:776
[   93322ms] [LOG] [Fast Refresh] done in 356ms @ http://localhost:3000/_next/static/chunks/08i5_next_dist_0bovzun._.js:776
[   93370ms] [LOG] [Fast Refresh] done in 356ms @ http://localhost:3000/_next/static/chunks/08i5_next_dist_0bovzun._.js:776
[   93412ms] [LOG] [Fast Refresh] done in 356ms @ http://localhost:3000/_next/static/chunks/08i5_next_dist_0bovzun._.js:776
[   93454ms] [LOG] [Fast Refresh] done in 356ms @ http://localhost:3000/_next/static/chunks/08i5_next_dist_0bovzun._.js:776
[   93503ms] [LOG] [Fast Refresh] done in 356ms @ http://localhost:3000/_next/static/chunks/08i5_next_dist_0bovzun._.js:776
[   93544ms] [LOG] [Fast Refresh] done in 356ms @ http://localhost:3000/_next/static/chunks/08i5_next_dist_0bovzun._.js:776
[   93596ms] [LOG] [Fast Refresh] done in 356ms @ http://localhost:3000/_next/static/chunks/08i5_next_dist_0bovzun._.js:776
[   93634ms] [LOG] [Fast Refresh] done in 356ms @ http://localhost:3000/_next/static/chunks/08i5_next_dist_0bovzun._.js:776
[   93677ms] [LOG] [Fast Refresh] done in 356ms @ http://localhost:3000/_next/static/chunks/08i5_next_dist_0bovzun._.js:776
[   93743ms] [LOG] [Fast Refresh] done in 356ms @ http://localhost:3000/_next/static/chunks/08i5_next_dist_0bovzun._.js:776
[   93806ms] [LOG] [Fast Refresh] done in 356ms @ http://localhost:3000/_next/static/chunks/08i5_next_dist_0bovzun._.js:776
[   93859ms] [LOG] [Fast Refresh] done in 356ms @ http://localhost:3000/_next/static/chunks/08i5_next_dist_0bovzun._.js:776
[   93923ms] [LOG] [Fast Refresh] done in 356ms @ http://localhost:3000/_next/static/chunks/08i5_next_dist_0bovzun._.js:776
[   93987ms] [LOG] [Fast Refresh] done in 356ms @ http://localhost:3000/_next/static/chunks/08i5_next_dist_0bovzun._.js:776
[   94046ms] [LOG] [Fast Refresh] done in 356ms @ http://localhost:3000/_next/static/chunks/08i5_next_dist_0bovzun._.js:776
[   94088ms] [LOG] [Fast Refresh] done in 356ms @ http://localhost:3000/_next/static/chunks/08i5_next_dist_0bovzun._.js:776
[   94152ms] [LOG] [Fast Refresh] done in 356ms @ http://localhost:3000/_next/static/chunks/08i5_next_dist_0bovzun._.js:776
[   94220ms] [LOG] [Fast Refresh] done in 356ms @ http://localhost:3000/_next/static/chunks/08i5_next_dist_0bovzun._.js:776
[   94283ms] [LOG] [Fast Refresh] done in 356ms @ http://localhost:3000/_next/static/chunks/08i5_next_dist_0bovzun._.js:776
[   94333ms] [LOG] [Fast Refresh] done in 356ms @ http://localhost:3000/_next/static/chunks/08i5_next_dist_0bovzun._.js:776
[   94386ms] [LOG] [Fast Refresh] done in 356ms @ http://localhost:3000/_next/static/chunks/08i5_next_dist_0bovzun._.js:776
[   94440ms] [LOG] [Fast Refresh] done in 356ms @ http://localhost:3000/_next/static/chunks/08i5_next_dist_0bovzun._.js:776
[   94495ms] [LOG] [Fast Refresh] done in 356ms @ http://localhost:3000/_next/static/chunks/08i5_next_dist_0bovzun._.js:776
[   94545ms] [LOG] [Fast Refresh] done in 356ms @ http://localhost:3000/_next/static/chunks/08i5_next_dist_0bovzun._.js:776
[   94588ms] [LOG] [Fast Refresh] done in 356ms @ http://localhost:3000/_next/static/chunks/08i5_next_dist_0bovzun._.js:776
[   94652ms] [LOG] [Fast Refresh] done in 356ms @ http://localhost:3000/_next/static/chunks/08i5_next_dist_0bovzun._.js:776
[   94715ms] [LOG] [Fast Refresh] done in 356ms @ http://localhost:3000/_next/static/chunks/08i5_next_dist_0bovzun._.js:776
[   94779ms] [LOG] [Fast Refresh] done in 356ms @ http://localhost:3000/_next/static/chunks/08i5_next_dist_0bovzun._.js:776
[   94840ms] [LOG] [Fast Refresh] done in 356ms @ http://localhost:3000/_next/static/chunks/08i5_next_dist_0bovzun._.js:776
[   94912ms] [LOG] [Fast Refresh] done in 356ms @ http://localhost:3000/_next/static/chunks/08i5_next_dist_0bovzun._.js:776
[   94983ms] [LOG] [Fast Refresh] done in 356ms @ http://localhost:3000/_next/static/chunks/08i5_next_dist_0bovzun._.js:776
[   95037ms] [LOG] [Fast Refresh] done in 356ms @ http://localhost:3000/_next/static/chunks/08i5_next_dist_0bovzun._.js:776
[   95097ms] [LOG] [Fast Refresh] done in 356ms @ http://localhost:3000/_next/static/chunks/08i5_next_dist_0bovzun._.js:776
[   95163ms] [LOG] [Fast Refresh] done in 356ms @ http://localhost:3000/_next/static/chunks/08i5_next_dist_0bovzun._.js:776
[   95227ms] [LOG] [Fast Refresh] done in 356ms @ http://localhost:3000/_next/static/chunks/08i5_next_dist_0bovzun._.js:776
[   95289ms] [LOG] [Fast Refresh] done in 356ms @ http://localhost:3000/_next/static/chunks/08i5_next_dist_0bovzun._.js:776
[   95344ms] [LOG] [Fast Refresh] done in 356ms @ http://localhost:3000/_next/static/chunks/08i5_next_dist_0bovzun._.js:776
[   95407ms] [LOG] [Fast Refresh] done in 356ms @ http://localhost:3000/_next/static/chunks/08i5_next_dist_0bovzun._.js:776
[   95470ms] [LOG] [Fast Refresh] done in 356ms @ http://localhost:3000/_next/static/chunks/08i5_next_dist_0bovzun._.js:776
[   95523ms] [LOG] [Fast Refresh] done in 356ms @ http://localhost:3000/_next/static/chunks/08i5_next_dist_0bovzun._.js:776
[   95601ms] [LOG] [Fast Refresh] done in 356ms @ http://localhost:3000/_next/static/chunks/08i5_next_dist_0bovzun._.js:776
[   95651ms] [LOG] [Fast Refresh] done in 356ms @ http://localhost:3000/_next/static/chunks/08i5_next_dist_0bovzun._.js:776
[   95717ms] [LOG] [Fast Refresh] done in 356ms @ http://localhost:3000/_next/static/chunks/08i5_next_dist_0bovzun._.js:776
[   95768ms] [LOG] [Fast Refresh] done in 356ms @ http://localhost:3000/_next/static/chunks/08i5_next_dist_0bovzun._.js:776
[   95820ms] [LOG] [Fast Refresh] done in 356ms @ http://localhost:3000/_next/static/chunks/08i5_next_dist_0bovzun._.js:776
[   95894ms] [LOG] [Fast Refresh] done in 356ms @ http://localhost:3000/_next/static/chunks/08i5_next_dist_0bovzun._.js:776
[   95957ms] [LOG] [Fast Refresh] done in 356ms @ http://localhost:3000/_next/static/chunks/08i5_next_dist_0bovzun._.js:776
[   96010ms] [LOG] [Fast Refresh] done in 356ms @ http://localhost:3000/_next/static/chunks/08i5_next_dist_0bovzun._.js:776
[   96075ms] [LOG] [Fast Refresh] done in 356ms @ http://localhost:3000/_next/static/chunks/08i5_next_dist_0bovzun._.js:776
[   96139ms] [LOG] [Fast Refresh] done in 356ms @ http://localhost:3000/_next/static/chunks/08i5_next_dist_0bovzun._.js:776
[   96188ms] [LOG] [Fast Refresh] done in 356ms @ http://localhost:3000/_next/static/chunks/08i5_next_dist_0bovzun._.js:776
[   96237ms] [LOG] [Fast Refresh] done in 356ms @ http://localhost:3000/_next/static/chunks/08i5_next_dist_0bovzun._.js:776
[   96300ms] [LOG] [Fast Refresh] done in 356ms @ http://localhost:3000/_next/static/chunks/08i5_next_dist_0bovzun._.js:776
[   96364ms] [LOG] [Fast Refresh] done in 356ms @ http://localhost:3000/_next/static/chunks/08i5_next_dist_0bovzun._.js:776
[   96430ms] [LOG] [Fast Refresh] done in 356ms @ http://localhost:3000/_next/static/chunks/08i5_next_dist_0bovzun._.js:776
[   96496ms] [LOG] [Fast Refresh] done in 356ms @ http://localhost:3000/_next/static/chunks/08i5_next_dist_0bovzun._.js:776
[   96561ms] [LOG] [Fast Refresh] done in 356ms @ http://localhost:3000/_next/static/chunks/08i5_next_dist_0bovzun._.js:776
[   96615ms] [LOG] [Fast Refresh] done in 356ms @ http://localhost:3000/_next/static/chunks/08i5_next_dist_0bovzun._.js:776
[   96670ms] [LOG] [Fast Refresh] done in 356ms @ http://localhost:3000/_next/static/chunks/08i5_next_dist_0bovzun._.js:776
[   96738ms] [LOG] [Fast Refresh] done in 356ms @ http://localhost:3000/_next/static/chunks/08i5_next_dist_0bovzun._.js:776
[   96804ms] [LOG] [Fast Refresh] done in 356ms @ http://localhost:3000/_next/static/chunks/08i5_next_dist_0bovzun._.js:776
[   96867ms] [LOG] [Fast Refresh] done in 356ms @ http://localhost:3000/_next/static/chunks/08i5_next_dist_0bovzun._.js:776
[   96931ms] [LOG] [Fast Refresh] done in 356ms @ http://localhost:3000/_next/static/chunks/08i5_next_dist_0bovzun._.js:776
[   96987ms] [LOG] [Fast Refresh] done in 356ms @ http://localhost:3000/_next/static/chunks/08i5_next_dist_0bovzun._.js:776
[   97050ms] [LOG] [Fast Refresh] done in 356ms @ http://localhost:3000/_next/static/chunks/08i5_next_dist_0bovzun._.js:776
[   97112ms] [LOG] [Fast Refresh] done in 356ms @ http://localhost:3000/_next/static/chunks/08i5_next_dist_0bovzun._.js:776
[   97174ms] [LOG] [Fast Refresh] done in 356ms @ http://localhost:3000/_next/static/chunks/08i5_next_dist_0bovzun._.js:776
[   97229ms] [LOG] [Fast Refresh] done in 356ms @ http://localhost:3000/_next/static/chunks/08i5_next_dist_0bovzun._.js:776
[   97295ms] [LOG] [Fast Refresh] done in 356ms @ http://localhost:3000/_next/static/chunks/08i5_next_dist_0bovzun._.js:776
[   97347ms] [LOG] [Fast Refresh] done in 356ms @ http://localhost:3000/_next/static/chunks/08i5_next_dist_0bovzun._.js:776
[   97410ms] [LOG] [Fast Refresh] done in 356ms @ http://localhost:3000/_next/static/chunks/08i5_next_dist_0bovzun._.js:776
[   97465ms] [LOG] [Fast Refresh] done in 356ms @ http://localhost:3000/_next/static/chunks/08i5_next_dist_0bovzun._.js:776
[   97528ms] [LOG] [Fast Refresh] done in 356ms @ http://localhost:3000/_next/static/chunks/08i5_next_dist_0bovzun._.js:776
[   97592ms] [LOG] [Fast Refresh] done in 356ms @ http://localhost:3000/_next/static/chunks/08i5_next_dist_0bovzun._.js:776
[   97656ms] [LOG] [Fast Refresh] done in 356ms @ http://localhost:3000/_next/static/chunks/08i5_next_dist_0bovzun._.js:776
[   97704ms] [LOG] [Fast Refresh] done in 356ms @ http://localhost:3000/_next/static/chunks/08i5_next_dist_0bovzun._.js:776
[   97763ms] [LOG] [Fast Refresh] done in 356ms @ http://localhost:3000/_next/static/chunks/08i5_next_dist_0bovzun._.js:776
[   97815ms] [LOG] [Fast Refresh] done in 356ms @ http://localhost:3000/_next/static/chunks/08i5_next_dist_0bovzun._.js:776
[   97863ms] [LOG] [Fast Refresh] done in 356ms @ http://localhost:3000/_next/static/chunks/08i5_next_dist_0bovzun._.js:776
[   97914ms] [LOG] [Fast Refresh] done in 356ms @ http://localhost:3000/_next/static/chunks/08i5_next_dist_0bovzun._.js:776
[   97971ms] [LOG] [Fast Refresh] done in 356ms @ http://localhost:3000/_next/static/chunks/08i5_next_dist_0bovzun._.js:776
[   98016ms] [LOG] [Fast Refresh] done in 356ms @ http://localhost:3000/_next/static/chunks/08i5_next_dist_0bovzun._.js:776
[   98072ms] [LOG] [Fast Refresh] done in 356ms @ http://localhost:3000/_next/static/chunks/08i5_next_dist_0bovzun._.js:776
[   98113ms] [LOG] [Fast Refresh] done in 356ms @ http://localhost:3000/_next/static/chunks/08i5_next_dist_0bovzun._.js:776
[   98159ms] [LOG] [Fast Refresh] done in 356ms @ http://localhost:3000/_next/static/chunks/08i5_next_dist_0bovzun._.js:776
[   98197ms] [LOG] [Fast Refresh] done in 356ms @ http://localhost:3000/_next/static/chunks/08i5_next_dist_0bovzun._.js:776
[   98239ms] [LOG] [Fast Refresh] done in 356ms @ http://localhost:3000/_next/static/chunks/08i5_next_dist_0bovzun._.js:776
[   98282ms] [LOG] [Fast Refresh] done in 356ms @ http://localhost:3000/_next/static/chunks/08i5_next_dist_0bovzun._.js:776
[   98322ms] [LOG] [Fast Refresh] done in 356ms @ http://localhost:3000/_next/static/chunks/08i5_next_dist_0bovzun._.js:776
[   98363ms] [LOG] [Fast Refresh] done in 356ms @ http://localhost:3000/_next/static/chunks/08i5_next_dist_0bovzun._.js:776
[   98405ms] [LOG] [Fast Refresh] done in 356ms @ http://localhost:3000/_next/static/chunks/08i5_next_dist_0bovzun._.js:776
[   98447ms] [LOG] [Fast Refresh] done in 356ms @ http://localhost:3000/_next/static/chunks/08i5_next_dist_0bovzun._.js:776
[   98488ms] [LOG] [Fast Refresh] done in 356ms @ http://localhost:3000/_next/static/chunks/08i5_next_dist_0bovzun._.js:776
[   98530ms] [LOG] [Fast Refresh] done in 356ms @ http://localhost:3000/_next/static/chunks/08i5_next_dist_0bovzun._.js:776
[   98572ms] [LOG] [Fast Refresh] done in 356ms @ http://localhost:3000/_next/static/chunks/08i5_next_dist_0bovzun._.js:776
[   98613ms] [LOG] [Fast Refresh] done in 356ms @ http://localhost:3000/_next/static/chunks/08i5_next_dist_0bovzun._.js:776
[   98655ms] [LOG] [Fast Refresh] done in 356ms @ http://localhost:3000/_next/static/chunks/08i5_next_dist_0bovzun._.js:776
[   98700ms] [LOG] [Fast Refresh] done in 356ms @ http://localhost:3000/_next/static/chunks/08i5_next_dist_0bovzun._.js:776
[   98776ms] [LOG] [Fast Refresh] done in 356ms @ http://localhost:3000/_next/static/chunks/08i5_next_dist_0bovzun._.js:776
[   98840ms] [LOG] [Fast Refresh] done in 356ms @ http://localhost:3000/_next/static/chunks/08i5_next_dist_0bovzun._.js:776
[   98900ms] [LOG] [Fast Refresh] done in 356ms @ http://localhost:3000/_next/static/chunks/08i5_next_dist_0bovzun._.js:776
[   98971ms] [LOG] [Fast Refresh] done in 356ms @ http://localhost:3000/_next/static/chunks/08i5_next_dist_0bovzun._.js:776
[   99034ms] [LOG] [Fast Refresh] done in 356ms @ http://localhost:3000/_next/static/chunks/08i5_next_dist_0bovzun._.js:776
[   99086ms] [LOG] [Fast Refresh] done in 356ms @ http://localhost:3000/_next/static/chunks/08i5_next_dist_0bovzun._.js:776
[   99137ms] [LOG] [Fast Refresh] done in 356ms @ http://localhost:3000/_next/static/chunks/08i5_next_dist_0bovzun._.js:776
[   99199ms] [LOG] [Fast Refresh] done in 356ms @ http://localhost:3000/_next/static/chunks/08i5_next_dist_0bovzun._.js:776
[   99253ms] [LOG] [Fast Refresh] done in 356ms @ http://localhost:3000/_next/static/chunks/08i5_next_dist_0bovzun._.js:776
[   99317ms] [LOG] [Fast Refresh] done in 356ms @ http://localhost:3000/_next/static/chunks/08i5_next_dist_0bovzun._.js:776
[   99373ms] [LOG] [Fast Refresh] done in 356ms @ http://localhost:3000/_next/static/chunks/08i5_next_dist_0bovzun._.js:776
[   99436ms] [LOG] [Fast Refresh] done in 356ms @ http://localhost:3000/_next/static/chunks/08i5_next_dist_0bovzun._.js:776
[   99492ms] [LOG] [Fast Refresh] done in 356ms @ http://localhost:3000/_next/static/chunks/08i5_next_dist_0bovzun._.js:776
[   99545ms] [LOG] [Fast Refresh] done in 356ms @ http://localhost:3000/_next/static/chunks/08i5_next_dist_0bovzun._.js:776
[   99600ms] [LOG] [Fast Refresh] done in 356ms @ http://localhost:3000/_next/static/chunks/08i5_next_dist_0bovzun._.js:776
[   99655ms] [LOG] [Fast Refresh] done in 356ms @ http://localhost:3000/_next/static/chunks/08i5_next_dist_0bovzun._.js:776
[   99708ms] [LOG] [Fast Refresh] done in 356ms @ http://localhost:3000/_next/static/chunks/08i5_next_dist_0bovzun._.js:776
[   99771ms] [LOG] [Fast Refresh] done in 356ms @ http://localhost:3000/_next/static/chunks/08i5_next_dist_0bovzun._.js:776
[   99827ms] [LOG] [Fast Refresh] done in 356ms @ http://localhost:3000/_next/static/chunks/08i5_next_dist_0bovzun._.js:776
[   99870ms] [LOG] [Fast Refresh] done in 356ms @ http://localhost:3000/_next/static/chunks/08i5_next_dist_0bovzun._.js:776
[   99933ms] [LOG] [Fast Refresh] done in 356ms @ http://localhost:3000/_next/static/chunks/08i5_next_dist_0bovzun._.js:776
[   99986ms] [LOG] [Fast Refresh] done in 356ms @ http://localhost:3000/_next/static/chunks/08i5_next_dist_0bovzun._.js:776
[  100050ms] [LOG] [Fast Refresh] done in 356ms @ http://localhost:3000/_next/static/chunks/08i5_next_dist_0bovzun._.js:776
[  100104ms] [LOG] [Fast Refresh] done in 356ms @ http://localhost:3000/_next/static/chunks/08i5_next_dist_0bovzun._.js:776
[  100167ms] [LOG] [Fast Refresh] done in 356ms @ http://localhost:3000/_next/static/chunks/08i5_next_dist_0bovzun._.js:776
[  100220ms] [LOG] [Fast Refresh] done in 356ms @ http://localhost:3000/_next/static/chunks/08i5_next_dist_0bovzun._.js:776
[  100283ms] [LOG] [Fast Refresh] done in 356ms @ http://localhost:3000/_next/static/chunks/08i5_next_dist_0bovzun._.js:776
[  100339ms] [LOG] [Fast Refresh] done in 356ms @ http://localhost:3000/_next/static/chunks/08i5_next_dist_0bovzun._.js:776
[  100390ms] [LOG] [Fast Refresh] done in 356ms @ http://localhost:3000/_next/static/chunks/08i5_next_dist_0bovzun._.js:776
[  100445ms] [LOG] [Fast Refresh] done in 356ms @ http://localhost:3000/_next/static/chunks/08i5_next_dist_0bovzun._.js:776
[  100509ms] [LOG] [Fast Refresh] done in 356ms @ http://localhost:3000/_next/static/chunks/08i5_next_dist_0bovzun._.js:776
[  100575ms] [LOG] [Fast Refresh] done in 356ms @ http://localhost:3000/_next/static/chunks/08i5_next_dist_0bovzun._.js:776
[  100638ms] [LOG] [Fast Refresh] done in 356ms @ http://localhost:3000/_next/static/chunks/08i5_next_dist_0bovzun._.js:776
[  100693ms] [LOG] [Fast Refresh] done in 356ms @ http://localhost:3000/_next/static/chunks/08i5_next_dist_0bovzun._.js:776
[  100747ms] [LOG] [Fast Refresh] done in 356ms @ http://localhost:3000/_next/static/chunks/08i5_next_dist_0bovzun._.js:776
[  100801ms] [LOG] [Fast Refresh] done in 356ms @ http://localhost:3000/_next/static/chunks/08i5_next_dist_0bovzun._.js:776
[  100873ms] [LOG] [Fast Refresh] done in 356ms @ http://localhost:3000/_next/static/chunks/08i5_next_dist_0bovzun._.js:776
[  100933ms] [LOG] [Fast Refresh] done in 356ms @ http://localhost:3000/_next/static/chunks/08i5_next_dist_0bovzun._.js:776
[  101004ms] [LOG] [Fast Refresh] done in 356ms @ http://localhost:3000/_next/static/chunks/08i5_next_dist_0bovzun._.js:776
[  101068ms] [LOG] [Fast Refresh] done in 356ms @ http://localhost:3000/_next/static/chunks/08i5_next_dist_0bovzun._.js:776
[  101131ms] [LOG] [Fast Refresh] done in 356ms @ http://localhost:3000/_next/static/chunks/08i5_next_dist_0bovzun._.js:776
[  101193ms] [LOG] [Fast Refresh] done in 356ms @ http://localhost:3000/_next/static/chunks/08i5_next_dist_0bovzun._.js:776
[  101255ms] [LOG] [Fast Refresh] done in 356ms @ http://localhost:3000/_next/static/chunks/08i5_next_dist_0bovzun._.js:776
[  101305ms] [LOG] [Fast Refresh] done in 356ms @ http://localhost:3000/_next/static/chunks/08i5_next_dist_0bovzun._.js:776
[  101369ms] [LOG] [Fast Refresh] done in 356ms @ http://localhost:3000/_next/static/chunks/08i5_next_dist_0bovzun._.js:776
[  101431ms] [LOG] [Fast Refresh] done in 356ms @ http://localhost:3000/_next/static/chunks/08i5_next_dist_0bovzun._.js:776
[  101484ms] [LOG] [Fast Refresh] done in 356ms @ http://localhost:3000/_next/static/chunks/08i5_next_dist_0bovzun._.js:776
[  101540ms] [LOG] [Fast Refresh] done in 356ms @ http://localhost:3000/_next/static/chunks/08i5_next_dist_0bovzun._.js:776
[  101613ms] [LOG] [Fast Refresh] done in 356ms @ http://localhost:3000/_next/static/chunks/08i5_next_dist_0bovzun._.js:776
[  101667ms] [LOG] [Fast Refresh] done in 356ms @ http://localhost:3000/_next/static/chunks/08i5_next_dist_0bovzun._.js:776
[  101731ms] [LOG] [Fast Refresh] done in 356ms @ http://localhost:3000/_next/static/chunks/08i5_next_dist_0bovzun._.js:776
[  101785ms] [LOG] [Fast Refresh] done in 356ms @ http://localhost:3000/_next/static/chunks/08i5_next_dist_0bovzun._.js:776
[  101849ms] [LOG] [Fast Refresh] done in 356ms @ http://localhost:3000/_next/static/chunks/08i5_next_dist_0bovzun._.js:776
[  101915ms] [LOG] [Fast Refresh] done in 356ms @ http://localhost:3000/_next/static/chunks/08i5_next_dist_0bovzun._.js:776
[  101978ms] [LOG] [Fast Refresh] done in 356ms @ http://localhost:3000/_next/static/chunks/08i5_next_dist_0bovzun._.js:776
[  102035ms] [LOG] [Fast Refresh] done in 356ms @ http://localhost:3000/_next/static/chunks/08i5_next_dist_0bovzun._.js:776
[  102086ms] [LOG] [Fast Refresh] done in 356ms @ http://localhost:3000/_next/static/chunks/08i5_next_dist_0bovzun._.js:776
[  102136ms] [LOG] [Fast Refresh] done in 356ms @ http://localhost:3000/_next/static/chunks/08i5_next_dist_0bovzun._.js:776
[  102200ms] [LOG] [Fast Refresh] done in 356ms @ http://localhost:3000/_next/static/chunks/08i5_next_dist_0bovzun._.js:776
[  102254ms] [LOG] [Fast Refresh] done in 356ms @ http://localhost:3000/_next/static/chunks/08i5_next_dist_0bovzun._.js:776
[  102323ms] [LOG] [Fast Refresh] done in 356ms @ http://localhost:3000/_next/static/chunks/08i5_next_dist_0bovzun._.js:776
[  102369ms] [LOG] [Fast Refresh] done in 356ms @ http://localhost:3000/_next/static/chunks/08i5_next_dist_0bovzun._.js:776
[  102408ms] [LOG] [Fast Refresh] done in 356ms @ http://localhost:3000/_next/static/chunks/08i5_next_dist_0bovzun._.js:776
[  102460ms] [LOG] [Fast Refresh] done in 356ms @ http://localhost:3000/_next/static/chunks/08i5_next_dist_0bovzun._.js:776
[  102509ms] [LOG] [Fast Refresh] done in 356ms @ http://localhost:3000/_next/static/chunks/08i5_next_dist_0bovzun._.js:776
[  102553ms] [LOG] [Fast Refresh] done in 356ms @ http://localhost:3000/_next/static/chunks/08i5_next_dist_0bovzun._.js:776
[  102616ms] [LOG] [Fast Refresh] done in 356ms @ http://localhost:3000/_next/static/chunks/08i5_next_dist_0bovzun._.js:776
[  102657ms] [LOG] [Fast Refresh] done in 356ms @ http://localhost:3000/_next/static/chunks/08i5_next_dist_0bovzun._.js:776
[  102698ms] [LOG] [Fast Refresh] done in 356ms @ http://localhost:3000/_next/static/chunks/08i5_next_dist_0bovzun._.js:776
[  102745ms] [LOG] [Fast Refresh] done in 356ms @ http://localhost:3000/_next/static/chunks/08i5_next_dist_0bovzun._.js:776
[  102800ms] [LOG] [Fast Refresh] done in 356ms @ http://localhost:3000/_next/static/chunks/08i5_next_dist_0bovzun._.js:776
[  102849ms] [LOG] [Fast Refresh] done in 356ms @ http://localhost:3000/_next/static/chunks/08i5_next_dist_0bovzun._.js:776
[  102891ms] [LOG] [Fast Refresh] done in 356ms @ http://localhost:3000/_next/static/chunks/08i5_next_dist_0bovzun._.js:776
[  102940ms] [LOG] [Fast Refresh] done in 356ms @ http://localhost:3000/_next/static/chunks/08i5_next_dist_0bovzun._.js:776
[  102995ms] [LOG] [Fast Refresh] done in 356ms @ http://localhost:3000/_next/static/chunks/08i5_next_dist_0bovzun._.js:776
[  103054ms] [LOG] [Fast Refresh] done in 356ms @ http://localhost:3000/_next/static/chunks/08i5_next_dist_0bovzun._.js:776
[  103096ms] [LOG] [Fast Refresh] done in 356ms @ http://localhost:3000/_next/static/chunks/08i5_next_dist_0bovzun._.js:776
[  103136ms] [LOG] [Fast Refresh] done in 356ms @ http://localhost:3000/_next/static/chunks/08i5_next_dist_0bovzun._.js:776
[  103177ms] [LOG] [Fast Refresh] done in 356ms @ http://localhost:3000/_next/static/chunks/08i5_next_dist_0bovzun._.js:776
[  103231ms] [LOG] [Fast Refresh] done in 356ms @ http://localhost:3000/_next/static/chunks/08i5_next_dist_0bovzun._.js:776
[  103273ms] [LOG] [Fast Refresh] done in 356ms @ http://localhost:3000/_next/static/chunks/08i5_next_dist_0bovzun._.js:776
[  103315ms] [LOG] [Fast Refresh] done in 356ms @ http://localhost:3000/_next/static/chunks/08i5_next_dist_0bovzun._.js:776
[  103356ms] [LOG] [Fast Refresh] done in 356ms @ http://localhost:3000/_next/static/chunks/08i5_next_dist_0bovzun._.js:776
[  103398ms] [LOG] [Fast Refresh] done in 356ms @ http://localhost:3000/_next/static/chunks/08i5_next_dist_0bovzun._.js:776
[  103447ms] [LOG] [Fast Refresh] done in 356ms @ http://localhost:3000/_next/static/chunks/08i5_next_dist_0bovzun._.js:776
[  103488ms] [LOG] [Fast Refresh] done in 356ms @ http://localhost:3000/_next/static/chunks/08i5_next_dist_0bovzun._.js:776
[  103530ms] [LOG] [Fast Refresh] done in 356ms @ http://localhost:3000/_next/static/chunks/08i5_next_dist_0bovzun._.js:776
[  103573ms] [LOG] [Fast Refresh] done in 356ms @ http://localhost:3000/_next/static/chunks/08i5_next_dist_0bovzun._.js:776
[  103627ms] [LOG] [Fast Refresh] done in 356ms @ http://localhost:3000/_next/static/chunks/08i5_next_dist_0bovzun._.js:776
[  103676ms] [LOG] [Fast Refresh] done in 356ms @ http://localhost:3000/_next/static/chunks/08i5_next_dist_0bovzun._.js:776
[  103731ms] [LOG] [Fast Refresh] done in 356ms @ http://localhost:3000/_next/static/chunks/08i5_next_dist_0bovzun._.js:776
[  103781ms] [LOG] [Fast Refresh] done in 356ms @ http://localhost:3000/_next/static/chunks/08i5_next_dist_0bovzun._.js:776
[  103836ms] [LOG] [Fast Refresh] done in 356ms @ http://localhost:3000/_next/static/chunks/08i5_next_dist_0bovzun._.js:776
[  103891ms] [LOG] [Fast Refresh] done in 356ms @ http://localhost:3000/_next/static/chunks/08i5_next_dist_0bovzun._.js:776
[  103945ms] [LOG] [Fast Refresh] done in 356ms @ http://localhost:3000/_next/static/chunks/08i5_next_dist_0bovzun._.js:776
[  104009ms] [LOG] [Fast Refresh] done in 356ms @ http://localhost:3000/_next/static/chunks/08i5_next_dist_0bovzun._.js:776
[  104072ms] [LOG] [Fast Refresh] done in 356ms @ http://localhost:3000/_next/static/chunks/08i5_next_dist_0bovzun._.js:776
[  104123ms] [LOG] [Fast Refresh] done in 356ms @ http://localhost:3000/_next/static/chunks/08i5_next_dist_0bovzun._.js:776
[  104178ms] [LOG] [Fast Refresh] done in 356ms @ http://localhost:3000/_next/static/chunks/08i5_next_dist_0bovzun._.js:776
[  104242ms] [LOG] [Fast Refresh] done in 356ms @ http://localhost:3000/_next/static/chunks/08i5_next_dist_0bovzun._.js:776
[  104295ms] [LOG] [Fast Refresh] done in 356ms @ http://localhost:3000/_next/static/chunks/08i5_next_dist_0bovzun._.js:776
[  104351ms] [LOG] [Fast Refresh] done in 356ms @ http://localhost:3000/_next/static/chunks/08i5_next_dist_0bovzun._.js:776
[  104415ms] [LOG] [Fast Refresh] done in 356ms @ http://localhost:3000/_next/static/chunks/08i5_next_dist_0bovzun._.js:776
[  104468ms] [LOG] [Fast Refresh] done in 356ms @ http://localhost:3000/_next/static/chunks/08i5_next_dist_0bovzun._.js:776
[  104535ms] [LOG] [Fast Refresh] done in 356ms @ http://localhost:3000/_next/static/chunks/08i5_next_dist_0bovzun._.js:776
[  104587ms] [LOG] [Fast Refresh] done in 356ms @ http://localhost:3000/_next/static/chunks/08i5_next_dist_0bovzun._.js:776
[  104652ms] [LOG] [Fast Refresh] done in 356ms @ http://localhost:3000/_next/static/chunks/08i5_next_dist_0bovzun._.js:776
[  104691ms] [LOG] [Fast Refresh] done in 356ms @ http://localhost:3000/_next/static/chunks/08i5_next_dist_0bovzun._.js:776
[  104755ms] [LOG] [Fast Refresh] done in 356ms @ http://localhost:3000/_next/static/chunks/08i5_next_dist_0bovzun._.js:776
[  104818ms] [LOG] [Fast Refresh] done in 356ms @ http://localhost:3000/_next/static/chunks/08i5_next_dist_0bovzun._.js:776
[  104887ms] [LOG] [Fast Refresh] done in 356ms @ http://localhost:3000/_next/static/chunks/08i5_next_dist_0bovzun._.js:776
[  104951ms] [LOG] [Fast Refresh] done in 356ms @ http://localhost:3000/_next/static/chunks/08i5_next_dist_0bovzun._.js:776
[  105019ms] [LOG] [Fast Refresh] done in 356ms @ http://localhost:3000/_next/static/chunks/08i5_next_dist_0bovzun._.js:776
[  105083ms] [LOG] [Fast Refresh] done in 356ms @ http://localhost:3000/_next/static/chunks/08i5_next_dist_0bovzun._.js:776
[  105139ms] [LOG] [Fast Refresh] done in 356ms @ http://localhost:3000/_next/static/chunks/08i5_next_dist_0bovzun._.js:776
[  105192ms] [LOG] [Fast Refresh] done in 356ms @ http://localhost:3000/_next/static/chunks/08i5_next_dist_0bovzun._.js:776
[  105245ms] [LOG] [Fast Refresh] done in 356ms @ http://localhost:3000/_next/static/chunks/08i5_next_dist_0bovzun._.js:776
[  105316ms] [LOG] [Fast Refresh] done in 356ms @ http://localhost:3000/_next/static/chunks/08i5_next_dist_0bovzun._.js:776
[  105366ms] [LOG] [Fast Refresh] done in 356ms @ http://localhost:3000/_next/static/chunks/08i5_next_dist_0bovzun._.js:776
[  105430ms] [LOG] [Fast Refresh] done in 356ms @ http://localhost:3000/_next/static/chunks/08i5_next_dist_0bovzun._.js:776
[  105496ms] [LOG] [Fast Refresh] done in 356ms @ http://localhost:3000/_next/static/chunks/08i5_next_dist_0bovzun._.js:776
[  105560ms] [LOG] [Fast Refresh] done in 356ms @ http://localhost:3000/_next/static/chunks/08i5_next_dist_0bovzun._.js:776
[  105620ms] [LOG] [Fast Refresh] done in 356ms @ http://localhost:3000/_next/static/chunks/08i5_next_dist_0bovzun._.js:776
[  105690ms] [LOG] [Fast Refresh] done in 356ms @ http://localhost:3000/_next/static/chunks/08i5_next_dist_0bovzun._.js:776
[  105743ms] [LOG] [Fast Refresh] done in 356ms @ http://localhost:3000/_next/static/chunks/08i5_next_dist_0bovzun._.js:776
[  105801ms] [LOG] [Fast Refresh] done in 356ms @ http://localhost:3000/_next/static/chunks/08i5_next_dist_0bovzun._.js:776
[  105851ms] [LOG] [Fast Refresh] done in 356ms @ http://localhost:3000/_next/static/chunks/08i5_next_dist_0bovzun._.js:776
[  105907ms] [LOG] [Fast Refresh] done in 356ms @ http://localhost:3000/_next/static/chunks/08i5_next_dist_0bovzun._.js:776
[  105985ms] [LOG] [Fast Refresh] done in 356ms @ http://localhost:3000/_next/static/chunks/08i5_next_dist_0bovzun._.js:776
[  106048ms] [LOG] [Fast Refresh] done in 356ms @ http://localhost:3000/_next/static/chunks/08i5_next_dist_0bovzun._.js:776
[  106102ms] [LOG] [Fast Refresh] done in 356ms @ http://localhost:3000/_next/static/chunks/08i5_next_dist_0bovzun._.js:776
[  106168ms] [LOG] [Fast Refresh] done in 356ms @ http://localhost:3000/_next/static/chunks/08i5_next_dist_0bovzun._.js:776
[  106225ms] [LOG] [Fast Refresh] done in 356ms @ http://localhost:3000/_next/static/chunks/08i5_next_dist_0bovzun._.js:776
[  106295ms] [LOG] [Fast Refresh] done in 356ms @ http://localhost:3000/_next/static/chunks/08i5_next_dist_0bovzun._.js:776
[  106347ms] [LOG] [Fast Refresh] done in 356ms @ http://localhost:3000/_next/static/chunks/08i5_next_dist_0bovzun._.js:776
[  106410ms] [LOG] [Fast Refresh] done in 356ms @ http://localhost:3000/_next/static/chunks/08i5_next_dist_0bovzun._.js:776
[  106466ms] [LOG] [Fast Refresh] done in 356ms @ http://localhost:3000/_next/static/chunks/08i5_next_dist_0bovzun._.js:776
[  106516ms] [LOG] [Fast Refresh] done in 356ms @ http://localhost:3000/_next/static/chunks/08i5_next_dist_0bovzun._.js:776
[  106571ms] [LOG] [Fast Refresh] done in 356ms @ http://localhost:3000/_next/static/chunks/08i5_next_dist_0bovzun._.js:776
[  106625ms] [LOG] [Fast Refresh] done in 356ms @ http://localhost:3000/_next/static/chunks/08i5_next_dist_0bovzun._.js:776
[  106664ms] [LOG] [Fast Refresh] done in 356ms @ http://localhost:3000/_next/static/chunks/08i5_next_dist_0bovzun._.js:776
[  106718ms] [LOG] [Fast Refresh] done in 356ms @ http://localhost:3000/_next/static/chunks/08i5_next_dist_0bovzun._.js:776
[  106755ms] [LOG] [Fast Refresh] done in 356ms @ http://localhost:3000/_next/static/chunks/08i5_next_dist_0bovzun._.js:776
[  106801ms] [LOG] [Fast Refresh] done in 356ms @ http://localhost:3000/_next/static/chunks/08i5_next_dist_0bovzun._.js:776
[  106852ms] [LOG] [Fast Refresh] done in 356ms @ http://localhost:3000/_next/static/chunks/08i5_next_dist_0bovzun._.js:776
[  106915ms] [LOG] [Fast Refresh] done in 356ms @ http://localhost:3000/_next/static/chunks/08i5_next_dist_0bovzun._.js:776
[  106965ms] [LOG] [Fast Refresh] done in 356ms @ http://localhost:3000/_next/static/chunks/08i5_next_dist_0bovzun._.js:776
[  107023ms] [LOG] [Fast Refresh] done in 356ms @ http://localhost:3000/_next/static/chunks/08i5_next_dist_0bovzun._.js:776
[  107079ms] [LOG] [Fast Refresh] done in 356ms @ http://localhost:3000/_next/static/chunks/08i5_next_dist_0bovzun._.js:776
[  107130ms] [LOG] [Fast Refresh] done in 356ms @ http://localhost:3000/_next/static/chunks/08i5_next_dist_0bovzun._.js:776
[  107172ms] [LOG] [Fast Refresh] done in 356ms @ http://localhost:3000/_next/static/chunks/08i5_next_dist_0bovzun._.js:776
[  107223ms] [LOG] [Fast Refresh] done in 356ms @ http://localhost:3000/_next/static/chunks/08i5_next_dist_0bovzun._.js:776
[  107270ms] [LOG] [Fast Refresh] done in 356ms @ http://localhost:3000/_next/static/chunks/08i5_next_dist_0bovzun._.js:776
[  107327ms] [LOG] [Fast Refresh] done in 356ms @ http://localhost:3000/_next/static/chunks/08i5_next_dist_0bovzun._.js:776
[  107365ms] [LOG] [Fast Refresh] done in 356ms @ http://localhost:3000/_next/static/chunks/08i5_next_dist_0bovzun._.js:776
[  107412ms] [LOG] [Fast Refresh] done in 356ms @ http://localhost:3000/_next/static/chunks/08i5_next_dist_0bovzun._.js:776
[  107465ms] [LOG] [Fast Refresh] done in 356ms @ http://localhost:3000/_next/static/chunks/08i5_next_dist_0bovzun._.js:776
[  107533ms] [LOG] [Fast Refresh] done in 356ms @ http://localhost:3000/_next/static/chunks/08i5_next_dist_0bovzun._.js:776
[  107572ms] [LOG] [Fast Refresh] done in 356ms @ http://localhost:3000/_next/static/chunks/08i5_next_dist_0bovzun._.js:776
[  107621ms] [LOG] [Fast Refresh] done in 356ms @ http://localhost:3000/_next/static/chunks/08i5_next_dist_0bovzun._.js:776
[  107662ms] [LOG] [Fast Refresh] done in 356ms @ http://localhost:3000/_next/static/chunks/08i5_next_dist_0bovzun._.js:776
[  107719ms] [LOG] [Fast Refresh] done in 356ms @ http://localhost:3000/_next/static/chunks/08i5_next_dist_0bovzun._.js:776
[  107763ms] [LOG] [Fast Refresh] done in 356ms @ http://localhost:3000/_next/static/chunks/08i5_next_dist_0bovzun._.js:776
[  107803ms] [LOG] [Fast Refresh] done in 356ms @ http://localhost:3000/_next/static/chunks/08i5_next_dist_0bovzun._.js:776
[  107846ms] [LOG] [Fast Refresh] done in 356ms @ http://localhost:3000/_next/static/chunks/08i5_next_dist_0bovzun._.js:776
[  107894ms] [LOG] [Fast Refresh] done in 356ms @ http://localhost:3000/_next/static/chunks/08i5_next_dist_0bovzun._.js:776
[  107933ms] [LOG] [Fast Refresh] done in 356ms @ http://localhost:3000/_next/static/chunks/08i5_next_dist_0bovzun._.js:776
[  107976ms] [LOG] [Fast Refresh] done in 356ms @ http://localhost:3000/_next/static/chunks/08i5_next_dist_0bovzun._.js:776
[  108030ms] [LOG] [Fast Refresh] done in 356ms @ http://localhost:3000/_next/static/chunks/08i5_next_dist_0bovzun._.js:776
[  108081ms] [LOG] [Fast Refresh] done in 356ms @ http://localhost:3000/_next/static/chunks/08i5_next_dist_0bovzun._.js:776
[  108136ms] [LOG] [Fast Refresh] done in 356ms @ http://localhost:3000/_next/static/chunks/08i5_next_dist_0bovzun._.js:776
[  108190ms] [LOG] [Fast Refresh] done in 356ms @ http://localhost:3000/_next/static/chunks/08i5_next_dist_0bovzun._.js:776
[  108237ms] [LOG] [Fast Refresh] done in 356ms @ http://localhost:3000/_next/static/chunks/08i5_next_dist_0bovzun._.js:776
[  108286ms] [LOG] [Fast Refresh] done in 356ms @ http://localhost:3000/_next/static/chunks/08i5_next_dist_0bovzun._.js:776
[  108329ms] [LOG] [Fast Refresh] done in 356ms @ http://localhost:3000/_next/static/chunks/08i5_next_dist_0bovzun._.js:776
[  108381ms] [LOG] [Fast Refresh] done in 356ms @ http://localhost:3000/_next/static/chunks/08i5_next_dist_0bovzun._.js:776
[  108419ms] [LOG] [Fast Refresh] done in 356ms @ http://localhost:3000/_next/static/chunks/08i5_next_dist_0bovzun._.js:776
[  108461ms] [LOG] [Fast Refresh] done in 356ms @ http://localhost:3000/_next/static/chunks/08i5_next_dist_0bovzun._.js:776
[  108502ms] [LOG] [Fast Refresh] done in 356ms @ http://localhost:3000/_next/static/chunks/08i5_next_dist_0bovzun._.js:776
[  108544ms] [LOG] [Fast Refresh] done in 356ms @ http://localhost:3000/_next/static/chunks/08i5_next_dist_0bovzun._.js:776
[  108596ms] [LOG] [Fast Refresh] done in 356ms @ http://localhost:3000/_next/static/chunks/08i5_next_dist_0bovzun._.js:776
[  108634ms] [LOG] [Fast Refresh] done in 356ms @ http://localhost:3000/_next/static/chunks/08i5_next_dist_0bovzun._.js:776
[  108685ms] [LOG] [Fast Refresh] done in 356ms @ http://localhost:3000/_next/static/chunks/08i5_next_dist_0bovzun._.js:776
[  108741ms] [LOG] [Fast Refresh] done in 356ms @ http://localhost:3000/_next/static/chunks/08i5_next_dist_0bovzun._.js:776
[  108797ms] [LOG] [Fast Refresh] done in 356ms @ http://localhost:3000/_next/static/chunks/08i5_next_dist_0bovzun._.js:776
[  108849ms] [LOG] [Fast Refresh] done in 356ms @ http://localhost:3000/_next/static/chunks/08i5_next_dist_0bovzun._.js:776
[  108905ms] [LOG] [Fast Refresh] done in 356ms @ http://localhost:3000/_next/static/chunks/08i5_next_dist_0bovzun._.js:776
[  108961ms] [LOG] [Fast Refresh] done in 356ms @ http://localhost:3000/_next/static/chunks/08i5_next_dist_0bovzun._.js:776
[  109005ms] [LOG] [Fast Refresh] done in 356ms @ http://localhost:3000/_next/static/chunks/08i5_next_dist_0bovzun._.js:776
[  109068ms] [LOG] [Fast Refresh] done in 356ms @ http://localhost:3000/_next/static/chunks/08i5_next_dist_0bovzun._.js:776
[  109116ms] [LOG] [Fast Refresh] done in 356ms @ http://localhost:3000/_next/static/chunks/08i5_next_dist_0bovzun._.js:776
[  109167ms] [LOG] [Fast Refresh] done in 356ms @ http://localhost:3000/_next/static/chunks/08i5_next_dist_0bovzun._.js:776
[  109206ms] [LOG] [Fast Refresh] done in 356ms @ http://localhost:3000/_next/static/chunks/08i5_next_dist_0bovzun._.js:776
[  109259ms] [LOG] [Fast Refresh] done in 356ms @ http://localhost:3000/_next/static/chunks/08i5_next_dist_0bovzun._.js:776
[  109325ms] [LOG] [Fast Refresh] done in 356ms @ http://localhost:3000/_next/static/chunks/08i5_next_dist_0bovzun._.js:776
[  109371ms] [LOG] [Fast Refresh] done in 356ms @ http://localhost:3000/_next/static/chunks/08i5_next_dist_0bovzun._.js:776
[  109427ms] [LOG] [Fast Refresh] done in 356ms @ http://localhost:3000/_next/static/chunks/08i5_next_dist_0bovzun._.js:776
[  109468ms] [LOG] [Fast Refresh] done in 356ms @ http://localhost:3000/_next/static/chunks/08i5_next_dist_0bovzun._.js:776
[  109523ms] [LOG] [Fast Refresh] done in 356ms @ http://localhost:3000/_next/static/chunks/08i5_next_dist_0bovzun._.js:776
[  109573ms] [LOG] [Fast Refresh] done in 356ms @ http://localhost:3000/_next/static/chunks/08i5_next_dist_0bovzun._.js:776
[  109625ms] [LOG] [Fast Refresh] done in 356ms @ http://localhost:3000/_next/static/chunks/08i5_next_dist_0bovzun._.js:776
[  109692ms] [LOG] [Fast Refresh] done in 356ms @ http://localhost:3000/_next/static/chunks/08i5_next_dist_0bovzun._.js:776
[  109755ms] [LOG] [Fast Refresh] done in 356ms @ http://localhost:3000/_next/static/chunks/08i5_next_dist_0bovzun._.js:776
[  109806ms] [LOG] [Fast Refresh] done in 356ms @ http://localhost:3000/_next/static/chunks/08i5_next_dist_0bovzun._.js:776
[  109857ms] [LOG] [Fast Refresh] done in 356ms @ http://localhost:3000/_next/static/chunks/08i5_next_dist_0bovzun._.js:776
[  109905ms] [LOG] [Fast Refresh] done in 356ms @ http://localhost:3000/_next/static/chunks/08i5_next_dist_0bovzun._.js:776
[  109960ms] [LOG] [Fast Refresh] done in 356ms @ http://localhost:3000/_next/static/chunks/08i5_next_dist_0bovzun._.js:776
[  109998ms] [LOG] [Fast Refresh] done in 356ms @ http://localhost:3000/_next/static/chunks/08i5_next_dist_0bovzun._.js:776
[  110049ms] [LOG] [Fast Refresh] done in 356ms @ http://localhost:3000/_next/static/chunks/08i5_next_dist_0bovzun._.js:776
[  110102ms] [LOG] [Fast Refresh] done in 356ms @ http://localhost:3000/_next/static/chunks/08i5_next_dist_0bovzun._.js:776
[  110175ms] [LOG] [Fast Refresh] done in 356ms @ http://localhost:3000/_next/static/chunks/08i5_next_dist_0bovzun._.js:776
[  110213ms] [LOG] [Fast Refresh] done in 356ms @ http://localhost:3000/_next/static/chunks/08i5_next_dist_0bovzun._.js:776
[  110264ms] [LOG] [Fast Refresh] done in 356ms @ http://localhost:3000/_next/static/chunks/08i5_next_dist_0bovzun._.js:776
[  110313ms] [LOG] [Fast Refresh] done in 356ms @ http://localhost:3000/_next/static/chunks/08i5_next_dist_0bovzun._.js:776
[  110364ms] [LOG] [Fast Refresh] done in 356ms @ http://localhost:3000/_next/static/chunks/08i5_next_dist_0bovzun._.js:776
[  110405ms] [LOG] [Fast Refresh] done in 356ms @ http://localhost:3000/_next/static/chunks/08i5_next_dist_0bovzun._.js:776
[  110455ms] [LOG] [Fast Refresh] done in 356ms @ http://localhost:3000/_next/static/chunks/08i5_next_dist_0bovzun._.js:776
[  110507ms] [LOG] [Fast Refresh] done in 356ms @ http://localhost:3000/_next/static/chunks/08i5_next_dist_0bovzun._.js:776
[  110557ms] [LOG] [Fast Refresh] done in 356ms @ http://localhost:3000/_next/static/chunks/08i5_next_dist_0bovzun._.js:776
[  110603ms] [LOG] [Fast Refresh] done in 356ms @ http://localhost:3000/_next/static/chunks/08i5_next_dist_0bovzun._.js:776
[  110658ms] [LOG] [Fast Refresh] done in 356ms @ http://localhost:3000/_next/static/chunks/08i5_next_dist_0bovzun._.js:776
[  110700ms] [LOG] [Fast Refresh] done in 356ms @ http://localhost:3000/_next/static/chunks/08i5_next_dist_0bovzun._.js:776
[  110760ms] [LOG] [Fast Refresh] done in 356ms @ http://localhost:3000/_next/static/chunks/08i5_next_dist_0bovzun._.js:776
[  110804ms] [LOG] [Fast Refresh] done in 356ms @ http://localhost:3000/_next/static/chunks/08i5_next_dist_0bovzun._.js:776
[  110871ms] [LOG] [Fast Refresh] done in 356ms @ http://localhost:3000/_next/static/chunks/08i5_next_dist_0bovzun._.js:776
[  110915ms] [LOG] [Fast Refresh] done in 356ms @ http://localhost:3000/_next/static/chunks/08i5_next_dist_0bovzun._.js:776
[  110979ms] [LOG] [Fast Refresh] done in 356ms @ http://localhost:3000/_next/static/chunks/08i5_next_dist_0bovzun._.js:776
[  111036ms] [LOG] [Fast Refresh] done in 356ms @ http://localhost:3000/_next/static/chunks/08i5_next_dist_0bovzun._.js:776
[  111087ms] [LOG] [Fast Refresh] done in 356ms @ http://localhost:3000/_next/static/chunks/08i5_next_dist_0bovzun._.js:776
[  111130ms] [LOG] [Fast Refresh] done in 356ms @ http://localhost:3000/_next/static/chunks/08i5_next_dist_0bovzun._.js:776
[  111181ms] [LOG] [Fast Refresh] done in 356ms @ http://localhost:3000/_next/static/chunks/08i5_next_dist_0bovzun._.js:776
[  111229ms] [LOG] [Fast Refresh] done in 356ms @ http://localhost:3000/_next/static/chunks/08i5_next_dist_0bovzun._.js:776
[  111280ms] [LOG] [Fast Refresh] done in 356ms @ http://localhost:3000/_next/static/chunks/08i5_next_dist_0bovzun._.js:776
[  111334ms] [LOG] [Fast Refresh] done in 356ms @ http://localhost:3000/_next/static/chunks/08i5_next_dist_0bovzun._.js:776
[  111385ms] [LOG] [Fast Refresh] done in 356ms @ http://localhost:3000/_next/static/chunks/08i5_next_dist_0bovzun._.js:776
[  111452ms] [LOG] [Fast Refresh] done in 356ms @ http://localhost:3000/_next/static/chunks/08i5_next_dist_0bovzun._.js:776
[  111497ms] [LOG] [Fast Refresh] done in 356ms @ http://localhost:3000/_next/static/chunks/08i5_next_dist_0bovzun._.js:776
[  111537ms] [LOG] [Fast Refresh] done in 356ms @ http://localhost:3000/_next/static/chunks/08i5_next_dist_0bovzun._.js:776
[  111615ms] [LOG] [Fast Refresh] done in 356ms @ http://localhost:3000/_next/static/chunks/08i5_next_dist_0bovzun._.js:776
[  111678ms] [LOG] [Fast Refresh] done in 356ms @ http://localhost:3000/_next/static/chunks/08i5_next_dist_0bovzun._.js:776
[  111738ms] [LOG] [Fast Refresh] done in 356ms @ http://localhost:3000/_next/static/chunks/08i5_next_dist_0bovzun._.js:776
[  111811ms] [LOG] [Fast Refresh] done in 356ms @ http://localhost:3000/_next/static/chunks/08i5_next_dist_0bovzun._.js:776
[  111862ms] [LOG] [Fast Refresh] done in 356ms @ http://localhost:3000/_next/static/chunks/08i5_next_dist_0bovzun._.js:776
[  111915ms] [LOG] [Fast Refresh] done in 356ms @ http://localhost:3000/_next/static/chunks/08i5_next_dist_0bovzun._.js:776
[  111979ms] [LOG] [Fast Refresh] done in 356ms @ http://localhost:3000/_next/static/chunks/08i5_next_dist_0bovzun._.js:776
[  112019ms] [LOG] [Fast Refresh] done in 356ms @ http://localhost:3000/_next/static/chunks/08i5_next_dist_0bovzun._.js:776
[  112072ms] [LOG] [Fast Refresh] done in 356ms @ http://localhost:3000/_next/static/chunks/08i5_next_dist_0bovzun._.js:776
[  112116ms] [LOG] [Fast Refresh] done in 356ms @ http://localhost:3000/_next/static/chunks/08i5_next_dist_0bovzun._.js:776
[  112183ms] [LOG] [Fast Refresh] done in 356ms @ http://localhost:3000/_next/static/chunks/08i5_next_dist_0bovzun._.js:776
[  112236ms] [LOG] [Fast Refresh] done in 356ms @ http://localhost:3000/_next/static/chunks/08i5_next_dist_0bovzun._.js:776
[  112294ms] [LOG] [Fast Refresh] done in 356ms @ http://localhost:3000/_next/static/chunks/08i5_next_dist_0bovzun._.js:776
[  112348ms] [LOG] [Fast Refresh] done in 356ms @ http://localhost:3000/_next/static/chunks/08i5_next_dist_0bovzun._.js:776
[  112398ms] [LOG] [Fast Refresh] done in 356ms @ http://localhost:3000/_next/static/chunks/08i5_next_dist_0bovzun._.js:776
[  112449ms] [LOG] [Fast Refresh] done in 356ms @ http://localhost:3000/_next/static/chunks/08i5_next_dist_0bovzun._.js:776
[  112519ms] [LOG] [Fast Refresh] done in 356ms @ http://localhost:3000/_next/static/chunks/08i5_next_dist_0bovzun._.js:776
[  112585ms] [LOG] [Fast Refresh] done in 356ms @ http://localhost:3000/_next/static/chunks/08i5_next_dist_0bovzun._.js:776
[  112647ms] [LOG] [Fast Refresh] done in 356ms @ http://localhost:3000/_next/static/chunks/08i5_next_dist_0bovzun._.js:776
[  112701ms] [LOG] [Fast Refresh] done in 356ms @ http://localhost:3000/_next/static/chunks/08i5_next_dist_0bovzun._.js:776
[  112739ms] [LOG] [Fast Refresh] done in 356ms @ http://localhost:3000/_next/static/chunks/08i5_next_dist_0bovzun._.js:776
[  112791ms] [LOG] [Fast Refresh] done in 356ms @ http://localhost:3000/_next/static/chunks/08i5_next_dist_0bovzun._.js:776
[  112836ms] [LOG] [Fast Refresh] done in 356ms @ http://localhost:3000/_next/static/chunks/08i5_next_dist_0bovzun._.js:776
[  112895ms] [LOG] [Fast Refresh] done in 356ms @ http://localhost:3000/_next/static/chunks/08i5_next_dist_0bovzun._.js:776
[  112939ms] [LOG] [Fast Refresh] done in 356ms @ http://localhost:3000/_next/static/chunks/08i5_next_dist_0bovzun._.js:776
[  112983ms] [LOG] [Fast Refresh] done in 356ms @ http://localhost:3000/_next/static/chunks/08i5_next_dist_0bovzun._.js:776
[  113037ms] [LOG] [Fast Refresh] done in 356ms @ http://localhost:3000/_next/static/chunks/08i5_next_dist_0bovzun._.js:776
[  113081ms] [LOG] [Fast Refresh] done in 356ms @ http://localhost:3000/_next/static/chunks/08i5_next_dist_0bovzun._.js:776
[  113122ms] [LOG] [Fast Refresh] done in 356ms @ http://localhost:3000/_next/static/chunks/08i5_next_dist_0bovzun._.js:776
[  113169ms] [LOG] [Fast Refresh] done in 356ms @ http://localhost:3000/_next/static/chunks/08i5_next_dist_0bovzun._.js:776
[  113211ms] [LOG] [Fast Refresh] done in 356ms @ http://localhost:3000/_next/static/chunks/08i5_next_dist_0bovzun._.js:776
[  113252ms] [LOG] [Fast Refresh] done in 356ms @ http://localhost:3000/_next/static/chunks/08i5_next_dist_0bovzun._.js:776
[  113297ms] [LOG] [Fast Refresh] done in 356ms @ http://localhost:3000/_next/static/chunks/08i5_next_dist_0bovzun._.js:776
[  113336ms] [LOG] [Fast Refresh] done in 356ms @ http://localhost:3000/_next/static/chunks/08i5_next_dist_0bovzun._.js:776
[  113378ms] [LOG] [Fast Refresh] done in 356ms @ http://localhost:3000/_next/static/chunks/08i5_next_dist_0bovzun._.js:776
[  113419ms] [LOG] [Fast Refresh] done in 356ms @ http://localhost:3000/_next/static/chunks/08i5_next_dist_0bovzun._.js:776
[  113468ms] [LOG] [Fast Refresh] done in 356ms @ http://localhost:3000/_next/static/chunks/08i5_next_dist_0bovzun._.js:776
[  113513ms] [LOG] [Fast Refresh] done in 356ms @ http://localhost:3000/_next/static/chunks/08i5_next_dist_0bovzun._.js:776
[  113551ms] [LOG] [Fast Refresh] done in 356ms @ http://localhost:3000/_next/static/chunks/08i5_next_dist_0bovzun._.js:776
[  113606ms] [LOG] [Fast Refresh] done in 356ms @ http://localhost:3000/_next/static/chunks/08i5_next_dist_0bovzun._.js:776
[  113650ms] [LOG] [Fast Refresh] done in 356ms @ http://localhost:3000/_next/static/chunks/08i5_next_dist_0bovzun._.js:776
[  113693ms] [LOG] [Fast Refresh] done in 356ms @ http://localhost:3000/_next/static/chunks/08i5_next_dist_0bovzun._.js:776
[  113735ms] [LOG] [Fast Refresh] done in 356ms @ http://localhost:3000/_next/static/chunks/08i5_next_dist_0bovzun._.js:776
[  113785ms] [LOG] [Fast Refresh] done in 356ms @ http://localhost:3000/_next/static/chunks/08i5_next_dist_0bovzun._.js:776
[  113838ms] [LOG] [Fast Refresh] done in 356ms @ http://localhost:3000/_next/static/chunks/08i5_next_dist_0bovzun._.js:776
[  113902ms] [LOG] [Fast Refresh] done in 356ms @ http://localhost:3000/_next/static/chunks/08i5_next_dist_0bovzun._.js:776
[  113942ms] [LOG] [Fast Refresh] done in 356ms @ http://localhost:3000/_next/static/chunks/08i5_next_dist_0bovzun._.js:776
[  113996ms] [LOG] [Fast Refresh] done in 356ms @ http://localhost:3000/_next/static/chunks/08i5_next_dist_0bovzun._.js:776
[  114038ms] [LOG] [Fast Refresh] done in 356ms @ http://localhost:3000/_next/static/chunks/08i5_next_dist_0bovzun._.js:776
[  114096ms] [LOG] [Fast Refresh] done in 356ms @ http://localhost:3000/_next/static/chunks/08i5_next_dist_0bovzun._.js:776
[  114151ms] [LOG] [Fast Refresh] done in 356ms @ http://localhost:3000/_next/static/chunks/08i5_next_dist_0bovzun._.js:776
[  114202ms] [LOG] [Fast Refresh] done in 356ms @ http://localhost:3000/_next/static/chunks/08i5_next_dist_0bovzun._.js:776
[  114249ms] [LOG] [Fast Refresh] done in 356ms @ http://localhost:3000/_next/static/chunks/08i5_next_dist_0bovzun._.js:776
[  114302ms] [LOG] [Fast Refresh] done in 356ms @ http://localhost:3000/_next/static/chunks/08i5_next_dist_0bovzun._.js:776
[  114340ms] [LOG] [Fast Refresh] done in 356ms @ http://localhost:3000/_next/static/chunks/08i5_next_dist_0bovzun._.js:776
[  114389ms] [LOG] [Fast Refresh] done in 356ms @ http://localhost:3000/_next/static/chunks/08i5_next_dist_0bovzun._.js:776
[  114429ms] [LOG] [Fast Refresh] done in 356ms @ http://localhost:3000/_next/static/chunks/08i5_next_dist_0bovzun._.js:776
[  114497ms] [LOG] [Fast Refresh] done in 356ms @ http://localhost:3000/_next/static/chunks/08i5_next_dist_0bovzun._.js:776
[  114548ms] [LOG] [Fast Refresh] done in 356ms @ http://localhost:3000/_next/static/chunks/08i5_next_dist_0bovzun._.js:776
[  114600ms] [LOG] [Fast Refresh] done in 356ms @ http://localhost:3000/_next/static/chunks/08i5_next_dist_0bovzun._.js:776
[  114653ms] [LOG] [Fast Refresh] done in 356ms @ http://localhost:3000/_next/static/chunks/08i5_next_dist_0bovzun._.js:776
[  114704ms] [LOG] [Fast Refresh] done in 356ms @ http://localhost:3000/_next/static/chunks/08i5_next_dist_0bovzun._.js:776
[  114757ms] [LOG] [Fast Refresh] done in 356ms @ http://localhost:3000/_next/static/chunks/08i5_next_dist_0bovzun._.js:776
[  114808ms] [LOG] [Fast Refresh] done in 356ms @ http://localhost:3000/_next/static/chunks/08i5_next_dist_0bovzun._.js:776
[  114862ms] [LOG] [Fast Refresh] done in 356ms @ http://localhost:3000/_next/static/chunks/08i5_next_dist_0bovzun._.js:776
[  114926ms] [LOG] [Fast Refresh] done in 356ms @ http://localhost:3000/_next/static/chunks/08i5_next_dist_0bovzun._.js:776
[  114992ms] [LOG] [Fast Refresh] done in 356ms @ http://localhost:3000/_next/static/chunks/08i5_next_dist_0bovzun._.js:776
[  115030ms] [LOG] [Fast Refresh] done in 356ms @ http://localhost:3000/_next/static/chunks/08i5_next_dist_0bovzun._.js:776
[  115072ms] [LOG] [Fast Refresh] done in 356ms @ http://localhost:3000/_next/static/chunks/08i5_next_dist_0bovzun._.js:776
[  115115ms] [LOG] [Fast Refresh] done in 356ms @ http://localhost:3000/_next/static/chunks/08i5_next_dist_0bovzun._.js:776
[  115172ms] [LOG] [Fast Refresh] done in 356ms @ http://localhost:3000/_next/static/chunks/08i5_next_dist_0bovzun._.js:776
[  115223ms] [LOG] [Fast Refresh] done in 356ms @ http://localhost:3000/_next/static/chunks/08i5_next_dist_0bovzun._.js:776
[  115276ms] [LOG] [Fast Refresh] done in 356ms @ http://localhost:3000/_next/static/chunks/08i5_next_dist_0bovzun._.js:776
[  115332ms] [LOG] [Fast Refresh] done in 356ms @ http://localhost:3000/_next/static/chunks/08i5_next_dist_0bovzun._.js:776
[  115373ms] [LOG] [Fast Refresh] done in 356ms @ http://localhost:3000/_next/static/chunks/08i5_next_dist_0bovzun._.js:776
[  115439ms] [LOG] [Fast Refresh] done in 356ms @ http://localhost:3000/_next/static/chunks/08i5_next_dist_0bovzun._.js:776
[  115493ms] [LOG] [Fast Refresh] done in 356ms @ http://localhost:3000/_next/static/chunks/08i5_next_dist_0bovzun._.js:776
[  115544ms] [LOG] [Fast Refresh] done in 356ms @ http://localhost:3000/_next/static/chunks/08i5_next_dist_0bovzun._.js:776
[  115582ms] [LOG] [Fast Refresh] done in 356ms @ http://localhost:3000/_next/static/chunks/08i5_next_dist_0bovzun._.js:776
[  115646ms] [LOG] [Fast Refresh] done in 356ms @ http://localhost:3000/_next/static/chunks/08i5_next_dist_0bovzun._.js:776
[  115685ms] [LOG] [Fast Refresh] done in 356ms @ http://localhost:3000/_next/static/chunks/08i5_next_dist_0bovzun._.js:776
[  115740ms] [LOG] [Fast Refresh] done in 356ms @ http://localhost:3000/_next/static/chunks/08i5_next_dist_0bovzun._.js:776
[  115780ms] [LOG] [Fast Refresh] done in 356ms @ http://localhost:3000/_next/static/chunks/08i5_next_dist_0bovzun._.js:776
[  115834ms] [LOG] [Fast Refresh] done in 356ms @ http://localhost:3000/_next/static/chunks/08i5_next_dist_0bovzun._.js:776
[  115873ms] [LOG] [Fast Refresh] done in 356ms @ http://localhost:3000/_next/static/chunks/08i5_next_dist_0bovzun._.js:776
[  115925ms] [LOG] [Fast Refresh] done in 356ms @ http://localhost:3000/_next/static/chunks/08i5_next_dist_0bovzun._.js:776
[  115977ms] [LOG] [Fast Refresh] done in 356ms @ http://localhost:3000/_next/static/chunks/08i5_next_dist_0bovzun._.js:776
[  116026ms] [LOG] [Fast Refresh] done in 356ms @ http://localhost:3000/_next/static/chunks/08i5_next_dist_0bovzun._.js:776
[  116075ms] [LOG] [Fast Refresh] done in 356ms @ http://localhost:3000/_next/static/chunks/08i5_next_dist_0bovzun._.js:776
[  116129ms] [LOG] [Fast Refresh] done in 356ms @ http://localhost:3000/_next/static/chunks/08i5_next_dist_0bovzun._.js:776
[  116178ms] [LOG] [Fast Refresh] done in 356ms @ http://localhost:3000/_next/static/chunks/08i5_next_dist_0bovzun._.js:776
[  116238ms] [LOG] [Fast Refresh] done in 356ms @ http://localhost:3000/_next/static/chunks/08i5_next_dist_0bovzun._.js:776
[  116294ms] [LOG] [Fast Refresh] done in 356ms @ http://localhost:3000/_next/static/chunks/08i5_next_dist_0bovzun._.js:776
[  116357ms] [LOG] [Fast Refresh] done in 356ms @ http://localhost:3000/_next/static/chunks/08i5_next_dist_0bovzun._.js:776
[  116415ms] [LOG] [Fast Refresh] done in 356ms @ http://localhost:3000/_next/static/chunks/08i5_next_dist_0bovzun._.js:776
[  116465ms] [LOG] [Fast Refresh] done in 356ms @ http://localhost:3000/_next/static/chunks/08i5_next_dist_0bovzun._.js:776
[  116532ms] [LOG] [Fast Refresh] done in 356ms @ http://localhost:3000/_next/static/chunks/08i5_next_dist_0bovzun._.js:776
[  116584ms] [LOG] [Fast Refresh] done in 356ms @ http://localhost:3000/_next/static/chunks/08i5_next_dist_0bovzun._.js:776
[  116650ms] [LOG] [Fast Refresh] done in 356ms @ http://localhost:3000/_next/static/chunks/08i5_next_dist_0bovzun._.js:776
[  116714ms] [LOG] [Fast Refresh] done in 356ms @ http://localhost:3000/_next/static/chunks/08i5_next_dist_0bovzun._.js:776
[  116755ms] [LOG] [Fast Refresh] done in 356ms @ http://localhost:3000/_next/static/chunks/08i5_next_dist_0bovzun._.js:776
[  116823ms] [LOG] [Fast Refresh] done in 356ms @ http://localhost:3000/_next/static/chunks/08i5_next_dist_0bovzun._.js:776
[  116863ms] [LOG] [Fast Refresh] done in 356ms @ http://localhost:3000/_next/static/chunks/08i5_next_dist_0bovzun._.js:776
[  116918ms] [LOG] [Fast Refresh] done in 356ms @ http://localhost:3000/_next/static/chunks/08i5_next_dist_0bovzun._.js:776
[  116956ms] [LOG] [Fast Refresh] done in 356ms @ http://localhost:3000/_next/static/chunks/08i5_next_dist_0bovzun._.js:776
[  117020ms] [LOG] [Fast Refresh] done in 356ms @ http://localhost:3000/_next/static/chunks/08i5_next_dist_0bovzun._.js:776
[  117061ms] [LOG] [Fast Refresh] done in 356ms @ http://localhost:3000/_next/static/chunks/08i5_next_dist_0bovzun._.js:776
[  117123ms] [LOG] [Fast Refresh] done in 356ms @ http://localhost:3000/_next/static/chunks/08i5_next_dist_0bovzun._.js:776
[  117173ms] [LOG] [Fast Refresh] done in 356ms @ http://localhost:3000/_next/static/chunks/08i5_next_dist_0bovzun._.js:776
[  117224ms] [LOG] [Fast Refresh] done in 356ms @ http://localhost:3000/_next/static/chunks/08i5_next_dist_0bovzun._.js:776
[  117270ms] [LOG] [Fast Refresh] done in 356ms @ http://localhost:3000/_next/static/chunks/08i5_next_dist_0bovzun._.js:776
[  117321ms] [LOG] [Fast Refresh] done in 356ms @ http://localhost:3000/_next/static/chunks/08i5_next_dist_0bovzun._.js:776
[  117365ms] [LOG] [Fast Refresh] done in 356ms @ http://localhost:3000/_next/static/chunks/08i5_next_dist_0bovzun._.js:776
[  117409ms] [LOG] [Fast Refresh] done in 356ms @ http://localhost:3000/_next/static/chunks/08i5_next_dist_0bovzun._.js:776
[  117465ms] [LOG] [Fast Refresh] done in 356ms @ http://localhost:3000/_next/static/chunks/08i5_next_dist_0bovzun._.js:776
[  117503ms] [LOG] [Fast Refresh] done in 356ms @ http://localhost:3000/_next/static/chunks/08i5_next_dist_0bovzun._.js:776
[  117561ms] [LOG] [Fast Refresh] done in 356ms @ http://localhost:3000/_next/static/chunks/08i5_next_dist_0bovzun._.js:776
[  117617ms] [LOG] [Fast Refresh] done in 356ms @ http://localhost:3000/_next/static/chunks/08i5_next_dist_0bovzun._.js:776
[  117654ms] [LOG] [Fast Refresh] done in 356ms @ http://localhost:3000/_next/static/chunks/08i5_next_dist_0bovzun._.js:776
[  117694ms] [LOG] [Fast Refresh] done in 356ms @ http://localhost:3000/_next/static/chunks/08i5_next_dist_0bovzun._.js:776
[  117736ms] [LOG] [Fast Refresh] done in 356ms @ http://localhost:3000/_next/static/chunks/08i5_next_dist_0bovzun._.js:776
[  117776ms] [LOG] [Fast Refresh] done in 356ms @ http://localhost:3000/_next/static/chunks/08i5_next_dist_0bovzun._.js:776
[  117824ms] [LOG] [Fast Refresh] done in 356ms @ http://localhost:3000/_next/static/chunks/08i5_next_dist_0bovzun._.js:776
[  117886ms] [LOG] [Fast Refresh] done in 356ms @ http://localhost:3000/_next/static/chunks/08i5_next_dist_0bovzun._.js:776
[  117943ms] [LOG] [Fast Refresh] done in 356ms @ http://localhost:3000/_next/static/chunks/08i5_next_dist_0bovzun._.js:776
[  117996ms] [LOG] [Fast Refresh] done in 356ms @ http://localhost:3000/_next/static/chunks/08i5_next_dist_0bovzun._.js:776
[  118037ms] [LOG] [Fast Refresh] done in 356ms @ http://localhost:3000/_next/static/chunks/08i5_next_dist_0bovzun._.js:776
[  118079ms] [LOG] [Fast Refresh] done in 356ms @ http://localhost:3000/_next/static/chunks/08i5_next_dist_0bovzun._.js:776
[  118121ms] [LOG] [Fast Refresh] done in 356ms @ http://localhost:3000/_next/static/chunks/08i5_next_dist_0bovzun._.js:776
[  118162ms] [LOG] [Fast Refresh] done in 356ms @ http://localhost:3000/_next/static/chunks/08i5_next_dist_0bovzun._.js:776
[  118211ms] [LOG] [Fast Refresh] done in 356ms @ http://localhost:3000/_next/static/chunks/08i5_next_dist_0bovzun._.js:776
[  118254ms] [LOG] [Fast Refresh] done in 356ms @ http://localhost:3000/_next/static/chunks/08i5_next_dist_0bovzun._.js:776
[  118301ms] [LOG] [Fast Refresh] done in 356ms @ http://localhost:3000/_next/static/chunks/08i5_next_dist_0bovzun._.js:776
[  118360ms] [LOG] [Fast Refresh] done in 356ms @ http://localhost:3000/_next/static/chunks/08i5_next_dist_0bovzun._.js:776
[  118414ms] [LOG] [Fast Refresh] done in 356ms @ http://localhost:3000/_next/static/chunks/08i5_next_dist_0bovzun._.js:776
[  118457ms] [LOG] [Fast Refresh] done in 356ms @ http://localhost:3000/_next/static/chunks/08i5_next_dist_0bovzun._.js:776
[  118496ms] [LOG] [Fast Refresh] done in 356ms @ http://localhost:3000/_next/static/chunks/08i5_next_dist_0bovzun._.js:776
[  118537ms] [LOG] [Fast Refresh] done in 356ms @ http://localhost:3000/_next/static/chunks/08i5_next_dist_0bovzun._.js:776
[  118579ms] [LOG] [Fast Refresh] done in 356ms @ http://localhost:3000/_next/static/chunks/08i5_next_dist_0bovzun._.js:776
[  118621ms] [LOG] [Fast Refresh] done in 356ms @ http://localhost:3000/_next/static/chunks/08i5_next_dist_0bovzun._.js:776
[  118662ms] [LOG] [Fast Refresh] done in 356ms @ http://localhost:3000/_next/static/chunks/08i5_next_dist_0bovzun._.js:776
[  118715ms] [LOG] [Fast Refresh] done in 356ms @ http://localhost:3000/_next/static/chunks/08i5_next_dist_0bovzun._.js:776
[  118769ms] [LOG] [Fast Refresh] done in 356ms @ http://localhost:3000/_next/static/chunks/08i5_next_dist_0bovzun._.js:776
[  118819ms] [LOG] [Fast Refresh] done in 356ms @ http://localhost:3000/_next/static/chunks/08i5_next_dist_0bovzun._.js:776
[  118879ms] [LOG] [Fast Refresh] done in 356ms @ http://localhost:3000/_next/static/chunks/08i5_next_dist_0bovzun._.js:776
[  118933ms] [LOG] [Fast Refresh] done in 356ms @ http://localhost:3000/_next/static/chunks/08i5_next_dist_0bovzun._.js:776
[  118986ms] [LOG] [Fast Refresh] done in 356ms @ http://localhost:3000/_next/static/chunks/08i5_next_dist_0bovzun._.js:776
[  119037ms] [LOG] [Fast Refresh] done in 356ms @ http://localhost:3000/_next/static/chunks/08i5_next_dist_0bovzun._.js:776
[  119074ms] [LOG] [Fast Refresh] done in 356ms @ http://localhost:3000/_next/static/chunks/08i5_next_dist_0bovzun._.js:776
[  119138ms] [LOG] [Fast Refresh] done in 356ms @ http://localhost:3000/_next/static/chunks/08i5_next_dist_0bovzun._.js:776
[  119179ms] [LOG] [Fast Refresh] done in 356ms @ http://localhost:3000/_next/static/chunks/08i5_next_dist_0bovzun._.js:776
[  119239ms] [LOG] [Fast Refresh] done in 356ms @ http://localhost:3000/_next/static/chunks/08i5_next_dist_0bovzun._.js:776
[  119297ms] [LOG] [Fast Refresh] done in 356ms @ http://localhost:3000/_next/static/chunks/08i5_next_dist_0bovzun._.js:776
[  119361ms] [LOG] [Fast Refresh] done in 356ms @ http://localhost:3000/_next/static/chunks/08i5_next_dist_0bovzun._.js:776
[  119420ms] [LOG] [Fast Refresh] done in 356ms @ http://localhost:3000/_next/static/chunks/08i5_next_dist_0bovzun._.js:776
[  119482ms] [LOG] [Fast Refresh] done in 356ms @ http://localhost:3000/_next/static/chunks/08i5_next_dist_0bovzun._.js:776
[  119539ms] [LOG] [Fast Refresh] done in 356ms @ http://localhost:3000/_next/static/chunks/08i5_next_dist_0bovzun._.js:776
[  119604ms] [LOG] [Fast Refresh] done in 356ms @ http://localhost:3000/_next/static/chunks/08i5_next_dist_0bovzun._.js:776
[  119658ms] [LOG] [Fast Refresh] done in 356ms @ http://localhost:3000/_next/static/chunks/08i5_next_dist_0bovzun._.js:776
[  119715ms] [LOG] [Fast Refresh] done in 356ms @ http://localhost:3000/_next/static/chunks/08i5_next_dist_0bovzun._.js:776
[  119775ms] [LOG] [Fast Refresh] done in 356ms @ http://localhost:3000/_next/static/chunks/08i5_next_dist_0bovzun._.js:776
[  119839ms] [LOG] [Fast Refresh] done in 356ms @ http://localhost:3000/_next/static/chunks/08i5_next_dist_0bovzun._.js:776
[  119903ms] [LOG] [Fast Refresh] done in 356ms @ http://localhost:3000/_next/static/chunks/08i5_next_dist_0bovzun._.js:776
[  119967ms] [LOG] [Fast Refresh] done in 356ms @ http://localhost:3000/_next/static/chunks/08i5_next_dist_0bovzun._.js:776
[  120025ms] [LOG] [Fast Refresh] done in 356ms @ http://localhost:3000/_next/static/chunks/08i5_next_dist_0bovzun._.js:776
[  120089ms] [LOG] [Fast Refresh] done in 356ms @ http://localhost:3000/_next/static/chunks/08i5_next_dist_0bovzun._.js:776
[  120140ms] [LOG] [Fast Refresh] done in 356ms @ http://localhost:3000/_next/static/chunks/08i5_next_dist_0bovzun._.js:776
[  120203ms] [LOG] [Fast Refresh] done in 356ms @ http://localhost:3000/_next/static/chunks/08i5_next_dist_0bovzun._.js:776
[  120256ms] [LOG] [Fast Refresh] done in 356ms @ http://localhost:3000/_next/static/chunks/08i5_next_dist_0bovzun._.js:776
[  120319ms] [LOG] [Fast Refresh] done in 356ms @ http://localhost:3000/_next/static/chunks/08i5_next_dist_0bovzun._.js:776
[  120375ms] [LOG] [Fast Refresh] done in 356ms @ http://localhost:3000/_next/static/chunks/08i5_next_dist_0bovzun._.js:776
[  120427ms] [LOG] [Fast Refresh] done in 356ms @ http://localhost:3000/_next/static/chunks/08i5_next_dist_0bovzun._.js:776
[  120498ms] [LOG] [Fast Refresh] done in 356ms @ http://localhost:3000/_next/static/chunks/08i5_next_dist_0bovzun._.js:776
[  120562ms] [LOG] [Fast Refresh] done in 356ms @ http://localhost:3000/_next/static/chunks/08i5_next_dist_0bovzun._.js:776
[  120616ms] [LOG] [Fast Refresh] done in 356ms @ http://localhost:3000/_next/static/chunks/08i5_next_dist_0bovzun._.js:776
[  120678ms] [LOG] [Fast Refresh] done in 356ms @ http://localhost:3000/_next/static/chunks/08i5_next_dist_0bovzun._.js:776
[  120734ms] [LOG] [Fast Refresh] done in 356ms @ http://localhost:3000/_next/static/chunks/08i5_next_dist_0bovzun._.js:776
[  120783ms] [LOG] [Fast Refresh] done in 356ms @ http://localhost:3000/_next/static/chunks/08i5_next_dist_0bovzun._.js:776
[  120839ms] [LOG] [Fast Refresh] done in 356ms @ http://localhost:3000/_next/static/chunks/08i5_next_dist_0bovzun._.js:776
[  120906ms] [LOG] [Fast Refresh] done in 356ms @ http://localhost:3000/_next/static/chunks/08i5_next_dist_0bovzun._.js:776
[  120969ms] [LOG] [Fast Refresh] done in 356ms @ http://localhost:3000/_next/static/chunks/08i5_next_dist_0bovzun._.js:776
[  121035ms] [LOG] [Fast Refresh] done in 356ms @ http://localhost:3000/_next/static/chunks/08i5_next_dist_0bovzun._.js:776
[  121089ms] [LOG] [Fast Refresh] done in 356ms @ http://localhost:3000/_next/static/chunks/08i5_next_dist_0bovzun._.js:776
[  121152ms] [LOG] [Fast Refresh] done in 356ms @ http://localhost:3000/_next/static/chunks/08i5_next_dist_0bovzun._.js:776
[  121204ms] [LOG] [Fast Refresh] done in 356ms @ http://localhost:3000/_next/static/chunks/08i5_next_dist_0bovzun._.js:776
[  121274ms] [LOG] [Fast Refresh] done in 356ms @ http://localhost:3000/_next/static/chunks/08i5_next_dist_0bovzun._.js:776
[  121338ms] [LOG] [Fast Refresh] done in 356ms @ http://localhost:3000/_next/static/chunks/08i5_next_dist_0bovzun._.js:776
[  121401ms] [LOG] [Fast Refresh] done in 356ms @ http://localhost:3000/_next/static/chunks/08i5_next_dist_0bovzun._.js:776
[  121464ms] [LOG] [Fast Refresh] done in 356ms @ http://localhost:3000/_next/static/chunks/08i5_next_dist_0bovzun._.js:776
[  121514ms] [LOG] [Fast Refresh] done in 356ms @ http://localhost:3000/_next/static/chunks/08i5_next_dist_0bovzun._.js:776
[  121568ms] [LOG] [Fast Refresh] done in 356ms @ http://localhost:3000/_next/static/chunks/08i5_next_dist_0bovzun._.js:776
[  121632ms] [LOG] [Fast Refresh] done in 356ms @ http://localhost:3000/_next/static/chunks/08i5_next_dist_0bovzun._.js:776
[  121692ms] [LOG] [Fast Refresh] done in 356ms @ http://localhost:3000/_next/static/chunks/08i5_next_dist_0bovzun._.js:776
[  121760ms] [LOG] [Fast Refresh] done in 356ms @ http://localhost:3000/_next/static/chunks/08i5_next_dist_0bovzun._.js:776
[  121826ms] [LOG] [Fast Refresh] done in 356ms @ http://localhost:3000/_next/static/chunks/08i5_next_dist_0bovzun._.js:776
[  121892ms] [LOG] [Fast Refresh] done in 356ms @ http://localhost:3000/_next/static/chunks/08i5_next_dist_0bovzun._.js:776
[  121945ms] [LOG] [Fast Refresh] done in 356ms @ http://localhost:3000/_next/static/chunks/08i5_next_dist_0bovzun._.js:776
[  122008ms] [LOG] [Fast Refresh] done in 356ms @ http://localhost:3000/_next/static/chunks/08i5_next_dist_0bovzun._.js:776
[  122057ms] [LOG] [Fast Refresh] done in 356ms @ http://localhost:3000/_next/static/chunks/08i5_next_dist_0bovzun._.js:776
[  122120ms] [LOG] [Fast Refresh] done in 356ms @ http://localhost:3000/_next/static/chunks/08i5_next_dist_0bovzun._.js:776
[  122172ms] [LOG] [Fast Refresh] done in 356ms @ http://localhost:3000/_next/static/chunks/08i5_next_dist_0bovzun._.js:776
[  122236ms] [LOG] [Fast Refresh] done in 356ms @ http://localhost:3000/_next/static/chunks/08i5_next_dist_0bovzun._.js:776
[  122290ms] [LOG] [Fast Refresh] done in 356ms @ http://localhost:3000/_next/static/chunks/08i5_next_dist_0bovzun._.js:776
[  122345ms] [LOG] [Fast Refresh] done in 356ms @ http://localhost:3000/_next/static/chunks/08i5_next_dist_0bovzun._.js:776
[  122399ms] [LOG] [Fast Refresh] done in 356ms @ http://localhost:3000/_next/static/chunks/08i5_next_dist_0bovzun._.js:776
[  122470ms] [LOG] [Fast Refresh] done in 356ms @ http://localhost:3000/_next/static/chunks/08i5_next_dist_0bovzun._.js:776
[  122540ms] [LOG] [Fast Refresh] done in 356ms @ http://localhost:3000/_next/static/chunks/08i5_next_dist_0bovzun._.js:776
[  122609ms] [LOG] [Fast Refresh] done in 356ms @ http://localhost:3000/_next/static/chunks/08i5_next_dist_0bovzun._.js:776
[  122658ms] [LOG] [Fast Refresh] done in 356ms @ http://localhost:3000/_next/static/chunks/08i5_next_dist_0bovzun._.js:776
[  122713ms] [LOG] [Fast Refresh] done in 356ms @ http://localhost:3000/_next/static/chunks/08i5_next_dist_0bovzun._.js:776
[  122754ms] [LOG] [Fast Refresh] done in 356ms @ http://localhost:3000/_next/static/chunks/08i5_next_dist_0bovzun._.js:776
[  122798ms] [LOG] [Fast Refresh] done in 356ms @ http://localhost:3000/_next/static/chunks/08i5_next_dist_0bovzun._.js:776
[  122838ms] [LOG] [Fast Refresh] done in 356ms @ http://localhost:3000/_next/static/chunks/08i5_next_dist_0bovzun._.js:776
[  122881ms] [LOG] [Fast Refresh] done in 356ms @ http://localhost:3000/_next/static/chunks/08i5_next_dist_0bovzun._.js:776
[  122926ms] [LOG] [Fast Refresh] done in 356ms @ http://localhost:3000/_next/static/chunks/08i5_next_dist_0bovzun._.js:776
[  122968ms] [LOG] [Fast Refresh] done in 356ms @ http://localhost:3000/_next/static/chunks/08i5_next_dist_0bovzun._.js:776
[  123010ms] [LOG] [Fast Refresh] done in 356ms @ http://localhost:3000/_next/static/chunks/08i5_next_dist_0bovzun._.js:776
[  123051ms] [LOG] [Fast Refresh] done in 356ms @ http://localhost:3000/_next/static/chunks/08i5_next_dist_0bovzun._.js:776
[  123093ms] [LOG] [Fast Refresh] done in 356ms @ http://localhost:3000/_next/static/chunks/08i5_next_dist_0bovzun._.js:776
[  123149ms] [LOG] [Fast Refresh] done in 356ms @ http://localhost:3000/_next/static/chunks/08i5_next_dist_0bovzun._.js:776
[  123197ms] [LOG] [Fast Refresh] done in 356ms @ http://localhost:3000/_next/static/chunks/08i5_next_dist_0bovzun._.js:776
[  123255ms] [LOG] [Fast Refresh] done in 356ms @ http://localhost:3000/_next/static/chunks/08i5_next_dist_0bovzun._.js:776
[  123297ms] [LOG] [Fast Refresh] done in 356ms @ http://localhost:3000/_next/static/chunks/08i5_next_dist_0bovzun._.js:776
[  123352ms] [LOG] [Fast Refresh] done in 356ms @ http://localhost:3000/_next/static/chunks/08i5_next_dist_0bovzun._.js:776
[  123392ms] [LOG] [Fast Refresh] done in 356ms @ http://localhost:3000/_next/static/chunks/08i5_next_dist_0bovzun._.js:776
[  123433ms] [LOG] [Fast Refresh] done in 356ms @ http://localhost:3000/_next/static/chunks/08i5_next_dist_0bovzun._.js:776
[  123475ms] [LOG] [Fast Refresh] done in 356ms @ http://localhost:3000/_next/static/chunks/08i5_next_dist_0bovzun._.js:776
[  123517ms] [LOG] [Fast Refresh] done in 356ms @ http://localhost:3000/_next/static/chunks/08i5_next_dist_0bovzun._.js:776
[  123558ms] [LOG] [Fast Refresh] done in 356ms @ http://localhost:3000/_next/static/chunks/08i5_next_dist_0bovzun._.js:776
[  123600ms] [LOG] [Fast Refresh] done in 356ms @ http://localhost:3000/_next/static/chunks/08i5_next_dist_0bovzun._.js:776
[  123642ms] [LOG] [Fast Refresh] done in 356ms @ http://localhost:3000/_next/static/chunks/08i5_next_dist_0bovzun._.js:776
[  123683ms] [LOG] [Fast Refresh] done in 356ms @ http://localhost:3000/_next/static/chunks/08i5_next_dist_0bovzun._.js:776
[  123735ms] [LOG] [Fast Refresh] done in 356ms @ http://localhost:3000/_next/static/chunks/08i5_next_dist_0bovzun._.js:776
